2026-03-17 21:01:57.498 -04:00 [DBG] Registered model binder providers, in the following order: ["Microsoft.AspNetCore.Mvc.ModelBinding.Binders.BinderTypeModelBinderProvider","Microsoft.AspNetCore.Mvc.ModelBinding.Binders.ServicesModelBinderProvider","Microsoft.AspNetCore.Mvc.ModelBinding.Binders.BodyModelBinderProvider","Microsoft.AspNetCore.Mvc.ModelBinding.Binders.HeaderModelBinderProvider","Microsoft.AspNetCore.Mvc.ModelBinding.Binders.FloatingPointTypeModelBinderProvider","Microsoft.AspNetCore.Mvc.ModelBinding.Binders.EnumTypeModelBinderProvider","Microsoft.AspNetCore.Mvc.ModelBinding.Binders.DateTimeModelBinderProvider","Microsoft.AspNetCore.Mvc.ModelBinding.Binders.SimpleTypeModelBinderProvider","Microsoft.AspNetCore.Mvc.ModelBinding.Binders.TryParseModelBinderProvider","Microsoft.AspNetCore.Mvc.ModelBinding.Binders.CancellationTokenModelBinderProvider","Microsoft.AspNetCore.Mvc.ModelBinding.Binders.ByteArrayModelBinderProvider","Microsoft.AspNetCore.Mvc.ModelBinding.Binders.FormFileModelBinderProvider","Microsoft.AspNetCore.Mvc.ModelBinding.Binders.FormCollectionModelBinderProvider","Microsoft.AspNetCore.Mvc.ModelBinding.Binders.KeyValuePairModelBinderProvider","Microsoft.AspNetCore.Mvc.ModelBinding.Binders.DictionaryModelBinderProvider","Microsoft.AspNetCore.Mvc.ModelBinding.Binders.ArrayModelBinderProvider","Microsoft.AspNetCore.Mvc.ModelBinding.Binders.CollectionModelBinderProvider","Microsoft.AspNetCore.Mvc.ModelBinding.Binders.ComplexObjectModelBinderProvider"]
2026-03-17 21:01:57.549 -04:00 [DBG] Hosting starting
2026-03-17 21:01:57.578 -04:00 [DBG] Middleware configuration started with options: {AllowedHosts = *, AllowEmptyHosts = True, IncludeFailureMessage = True}
2026-03-17 21:01:57.582 -04:00 [DBG] Wildcard detected, all requests with hosts will be allowed.
2026-03-17 21:01:57.731 -04:00 [WRN] The ASP.NET Core developer certificate is not trusted. For information about trusting the ASP.NET Core developer certificate, see https://aka.ms/aspnet/https-trust-dev-cert
2026-03-17 21:01:57.757 -04:00 [INF] Now listening on: https://localhost:9070
2026-03-17 21:01:57.760 -04:00 [DBG] Loaded hosting startup assembly CitizenApi
2026-03-17 21:01:57.761 -04:00 [INF] Application started. Press Ctrl+C to shut down.
2026-03-17 21:01:57.763 -04:00 [INF] Hosting environment: Development
2026-03-17 21:01:57.765 -04:00 [INF] Content root path: C:\TEMP\2daPracticaCerti\CitizenApi
2026-03-17 21:01:57.767 -04:00 [DBG] Hosting started
2026-03-17 21:11:52.067 -04:00 [INF] Application is shutting down...
2026-03-17 21:11:52.068 -04:00 [DBG] Hosting stopping
2026-03-17 21:11:52.079 -04:00 [DBG] Hosting stopped
2026-03-17 21:12:08.714 -04:00 [DBG] Registered model binder providers, in the following order: ["Microsoft.AspNetCore.Mvc.ModelBinding.Binders.BinderTypeModelBinderProvider","Microsoft.AspNetCore.Mvc.ModelBinding.Binders.ServicesModelBinderProvider","Microsoft.AspNetCore.Mvc.ModelBinding.Binders.BodyModelBinderProvider","Microsoft.AspNetCore.Mvc.ModelBinding.Binders.HeaderModelBinderProvider","Microsoft.AspNetCore.Mvc.ModelBinding.Binders.FloatingPointTypeModelBinderProvider","Microsoft.AspNetCore.Mvc.ModelBinding.Binders.EnumTypeModelBinderProvider","Microsoft.AspNetCore.Mvc.ModelBinding.Binders.DateTimeModelBinderProvider","Microsoft.AspNetCore.Mvc.ModelBinding.Binders.SimpleTypeModelBinderProvider","Microsoft.AspNetCore.Mvc.ModelBinding.Binders.TryParseModelBinderProvider","Microsoft.AspNetCore.Mvc.ModelBinding.Binders.CancellationTokenModelBinderProvider","Microsoft.AspNetCore.Mvc.ModelBinding.Binders.ByteArrayModelBinderProvider","Microsoft.AspNetCore.Mvc.ModelBinding.Binders.FormFileModelBinderProvider","Microsoft.AspNetCore.Mvc.ModelBinding.Binders.FormCollectionModelBinderProvider","Microsoft.AspNetCore.Mvc.ModelBinding.Binders.KeyValuePairModelBinderProvider","Microsoft.AspNetCore.Mvc.ModelBinding.Binders.DictionaryModelBinderProvider","Microsoft.AspNetCore.Mvc.ModelBinding.Binders.ArrayModelBinderProvider","Microsoft.AspNetCore.Mvc.ModelBinding.Binders.CollectionModelBinderProvider","Microsoft.AspNetCore.Mvc.ModelBinding.Binders.ComplexObjectModelBinderProvider"]
2026-03-17 21:12:08.760 -04:00 [DBG] Hosting starting
2026-03-17 21:12:08.786 -04:00 [DBG] Middleware configuration started with options: {AllowedHosts = *, AllowEmptyHosts = True, IncludeFailureMessage = True}
2026-03-17 21:12:08.789 -04:00 [DBG] Wildcard detected, all requests with hosts will be allowed.
2026-03-17 21:12:08.807 -04:00 [WRN] The ASP.NET Core developer certificate is not trusted. For information about trusting the ASP.NET Core developer certificate, see https://aka.ms/aspnet/https-trust-dev-cert
2026-03-17 21:12:08.831 -04:00 [INF] Now listening on: https://localhost:9070
2026-03-17 21:12:08.832 -04:00 [DBG] Loaded hosting startup assembly CitizenApi
2026-03-17 21:12:08.833 -04:00 [INF] Application started. Press Ctrl+C to shut down.
2026-03-17 21:12:08.834 -04:00 [INF] Hosting environment: Development
2026-03-17 21:12:08.835 -04:00 [INF] Content root path: C:\TEMP\2daPracticaCerti\CitizenApi
2026-03-17 21:12:08.835 -04:00 [DBG] Hosting started
2026-03-17 21:12:28.114 -04:00 [DBG] Connection id "0HNK4HDM0KONQ" accepted.
2026-03-17 21:12:28.117 -04:00 [DBG] Connection id "0HNK4HDM0KONQ" started.
2026-03-17 21:12:28.143 -04:00 [DBG] Connection id "0HNK4HDM0KONQ" received FIN.
2026-03-17 21:12:28.143 -04:00 [DBG] Connection id "0HNK4HDM0KONR" accepted.
2026-03-17 21:12:28.146 -04:00 [DBG] Connection id "0HNK4HDM0KONR" started.
2026-03-17 21:12:28.149 -04:00 [DBG] Connection id "0HNK4HDM0KONR" received FIN.
2026-03-17 21:12:28.149 -04:00 [DBG] Failed to authenticate HTTPS connection.
System.Security.Authentication.AuthenticationException: Authentication failed, see inner exception.
 ---> System.ComponentModel.Win32Exception (0x80090327): Error desconocido al procesar el certificado.
   --- End of inner exception stack trace ---
   at System.Net.Security.SslStream.ForceAuthenticationAsync[TIOAdapter](Boolean receiveFirst, Byte[] reAuthenticationData, CancellationToken cancellationToken)
   at Microsoft.AspNetCore.Server.Kestrel.Https.Internal.HttpsConnectionMiddleware.OnConnectionAsync(ConnectionContext context)
2026-03-17 21:12:28.149 -04:00 [DBG] Failed to authenticate HTTPS connection.
System.Security.Authentication.AuthenticationException: Authentication failed, see inner exception.
 ---> System.ComponentModel.Win32Exception (0x80090327): Error desconocido al procesar el certificado.
   --- End of inner exception stack trace ---
   at System.Net.Security.SslStream.ForceAuthenticationAsync[TIOAdapter](Boolean receiveFirst, Byte[] reAuthenticationData, CancellationToken cancellationToken)
   at Microsoft.AspNetCore.Server.Kestrel.Https.Internal.HttpsConnectionMiddleware.OnConnectionAsync(ConnectionContext context)
2026-03-17 21:12:28.150 -04:00 [DBG] Connection id "0HNK4HDM0KONS" accepted.
2026-03-17 21:12:28.159 -04:00 [DBG] Connection id "0HNK4HDM0KONS" started.
2026-03-17 21:12:28.160 -04:00 [DBG] Connection id "0HNK4HDM0KONR" stopped.
2026-03-17 21:12:28.160 -04:00 [DBG] Connection id "0HNK4HDM0KONQ" stopped.
2026-03-17 21:12:28.164 -04:00 [DBG] Connection id "0HNK4HDM0KONQ" sending FIN because: "The Socket transport's send loop completed gracefully."
2026-03-17 21:12:28.164 -04:00 [DBG] Connection id "0HNK4HDM0KONR" sending FIN because: "The Socket transport's send loop completed gracefully."
2026-03-17 21:12:28.167 -04:00 [DBG] Connection 0HNK4HDM0KONS established using the following protocol: "Tls13"
2026-03-17 21:12:28.210 -04:00 [INF] Request starting HTTP/2 GET https://localhost:9070/swagger/index.html - null null
2026-03-17 21:12:28.225 -04:00 [DBG] No candidates found for the request path '/swagger/index.html'
2026-03-17 21:12:28.227 -04:00 [DBG] Request did not match any endpoints
2026-03-17 21:12:28.288 -04:00 [INF] Request finished HTTP/2 GET https://localhost:9070/swagger/index.html - 200 null text/html;charset=utf-8 79.8084ms
2026-03-17 21:12:28.337 -04:00 [INF] Request starting HTTP/2 GET https://localhost:9070/swagger/swagger-ui-bundle.js - null null
2026-03-17 21:12:28.337 -04:00 [INF] Request starting HTTP/2 GET https://localhost:9070/swagger/swagger-ui.css - null null
2026-03-17 21:12:28.337 -04:00 [INF] Request starting HTTP/2 GET https://localhost:9070/swagger/index.css - null null
2026-03-17 21:12:28.337 -04:00 [INF] Request starting HTTP/2 GET https://localhost:9070/swagger/index.js - null null
2026-03-17 21:12:28.337 -04:00 [INF] Request starting HTTP/2 GET https://localhost:9070/swagger/swagger-ui-standalone-preset.js - null null
2026-03-17 21:12:28.340 -04:00 [DBG] No candidates found for the request path '/swagger/swagger-ui-bundle.js'
2026-03-17 21:12:28.346 -04:00 [DBG] No candidates found for the request path '/swagger/swagger-ui.css'
2026-03-17 21:12:28.349 -04:00 [DBG] No candidates found for the request path '/swagger/index.css'
2026-03-17 21:12:28.351 -04:00 [DBG] No candidates found for the request path '/swagger/index.js'
2026-03-17 21:12:28.355 -04:00 [DBG] No candidates found for the request path '/swagger/swagger-ui-standalone-preset.js'
2026-03-17 21:12:28.356 -04:00 [DBG] Request did not match any endpoints
2026-03-17 21:12:28.357 -04:00 [DBG] Request did not match any endpoints
2026-03-17 21:12:28.358 -04:00 [DBG] Request did not match any endpoints
2026-03-17 21:12:28.359 -04:00 [DBG] Request did not match any endpoints
2026-03-17 21:12:28.361 -04:00 [DBG] Request did not match any endpoints
2026-03-17 21:12:28.367 -04:00 [INF] Request finished HTTP/2 GET https://localhost:9070/swagger/index.js - 200 null application/javascript;charset=utf-8 30.2017ms
2026-03-17 21:12:28.384 -04:00 [INF] Request finished HTTP/2 GET https://localhost:9070/swagger/index.css - 200 152 text/css 46.9441ms
2026-03-17 21:12:28.397 -04:00 [INF] Request finished HTTP/2 GET https://localhost:9070/swagger/swagger-ui-standalone-preset.js - 200 76581 text/javascript 60.3995ms
2026-03-17 21:12:28.397 -04:00 [INF] Request finished HTTP/2 GET https://localhost:9070/swagger/swagger-ui.css - 200 26388 text/css 60.5755ms
2026-03-17 21:12:28.407 -04:00 [INF] Request finished HTTP/2 GET https://localhost:9070/swagger/swagger-ui-bundle.js - 200 417806 text/javascript 70.305ms
2026-03-17 21:12:28.598 -04:00 [INF] Request starting HTTP/2 GET https://localhost:9070/swagger/v1/swagger.json - null null
2026-03-17 21:12:28.603 -04:00 [INF] Request starting HTTP/2 GET https://localhost:9070/swagger/favicon-32x32.png - null null
2026-03-17 21:12:28.605 -04:00 [DBG] No candidates found for the request path '/swagger/v1/swagger.json'
2026-03-17 21:12:28.610 -04:00 [DBG] No candidates found for the request path '/swagger/favicon-32x32.png'
2026-03-17 21:12:28.612 -04:00 [DBG] Request did not match any endpoints
2026-03-17 21:12:28.614 -04:00 [DBG] Request did not match any endpoints
2026-03-17 21:12:28.618 -04:00 [INF] Request finished HTTP/2 GET https://localhost:9070/swagger/favicon-32x32.png - 200 628 image/png 15.3415ms
2026-03-17 21:12:28.626 -04:00 [DBG] Executing API description provider 'EndpointMetadataApiDescriptionProvider' from assembly Microsoft.AspNetCore.Mvc.ApiExplorer v10.0.0.0.
2026-03-17 21:12:28.629 -04:00 [DBG] Executing API description provider 'DefaultApiDescriptionProvider' from assembly Microsoft.AspNetCore.Mvc.ApiExplorer v10.0.0.0.
2026-03-17 21:12:28.779 -04:00 [INF] Request finished HTTP/2 GET https://localhost:9070/swagger/v1/swagger.json - 200 null application/json;charset=utf-8 180.8465ms
2026-03-17 21:12:37.664 -04:00 [INF] Request starting HTTP/2 GET https://localhost:9070/swagger/index.html - null null
2026-03-17 21:12:37.667 -04:00 [DBG] No candidates found for the request path '/swagger/index.html'
2026-03-17 21:12:37.668 -04:00 [DBG] Request did not match any endpoints
2026-03-17 21:12:37.670 -04:00 [INF] Request finished HTTP/2 GET https://localhost:9070/swagger/index.html - 200 null text/html;charset=utf-8 6.1499ms
2026-03-17 21:12:37.700 -04:00 [INF] Request starting HTTP/2 GET https://localhost:9070/swagger/swagger-ui.css - null null
2026-03-17 21:12:37.703 -04:00 [DBG] No candidates found for the request path '/swagger/swagger-ui.css'
2026-03-17 21:12:37.704 -04:00 [DBG] Request did not match any endpoints
2026-03-17 21:12:37.705 -04:00 [INF] Request starting HTTP/2 GET https://localhost:9070/swagger/index.css - null null
2026-03-17 21:12:37.706 -04:00 [INF] Request finished HTTP/2 GET https://localhost:9070/swagger/swagger-ui.css - 304 null null 6.2804ms
2026-03-17 21:12:37.706 -04:00 [INF] Request starting HTTP/2 GET https://localhost:9070/swagger/swagger-ui-bundle.js - null null
2026-03-17 21:12:37.708 -04:00 [INF] Request starting HTTP/2 GET https://localhost:9070/swagger/swagger-ui-standalone-preset.js - null null
2026-03-17 21:12:37.708 -04:00 [INF] Request starting HTTP/2 GET https://localhost:9070/swagger/index.js - null null
2026-03-17 21:12:37.711 -04:00 [DBG] No candidates found for the request path '/swagger/index.css'
2026-03-17 21:12:37.718 -04:00 [DBG] No candidates found for the request path '/swagger/swagger-ui-bundle.js'
2026-03-17 21:12:37.724 -04:00 [DBG] No candidates found for the request path '/swagger/swagger-ui-standalone-preset.js'
2026-03-17 21:12:37.729 -04:00 [DBG] No candidates found for the request path '/swagger/index.js'
2026-03-17 21:12:37.731 -04:00 [DBG] Request did not match any endpoints
2026-03-17 21:12:37.733 -04:00 [DBG] Request did not match any endpoints
2026-03-17 21:12:37.735 -04:00 [DBG] Request did not match any endpoints
2026-03-17 21:12:37.736 -04:00 [DBG] Request did not match any endpoints
2026-03-17 21:12:37.738 -04:00 [INF] Request finished HTTP/2 GET https://localhost:9070/swagger/index.css - 304 null null 32.244ms
2026-03-17 21:12:37.739 -04:00 [INF] Request finished HTTP/2 GET https://localhost:9070/swagger/swagger-ui-bundle.js - 304 null null 32.7525ms
2026-03-17 21:12:37.740 -04:00 [INF] Request finished HTTP/2 GET https://localhost:9070/swagger/swagger-ui-standalone-preset.js - 304 null null 32.1302ms
2026-03-17 21:12:37.742 -04:00 [INF] Request finished HTTP/2 GET https://localhost:9070/swagger/index.js - 304 null null 33.3527ms
2026-03-17 21:12:37.820 -04:00 [INF] Request starting HTTP/2 GET https://localhost:9070/swagger/v1/swagger.json - null null
2026-03-17 21:12:37.821 -04:00 [INF] Request starting HTTP/2 GET https://localhost:9070/swagger/favicon-32x32.png - null null
2026-03-17 21:12:37.827 -04:00 [DBG] No candidates found for the request path '/swagger/v1/swagger.json'
2026-03-17 21:12:37.833 -04:00 [DBG] No candidates found for the request path '/swagger/favicon-32x32.png'
2026-03-17 21:12:37.834 -04:00 [DBG] Request did not match any endpoints
2026-03-17 21:12:37.836 -04:00 [DBG] Request did not match any endpoints
2026-03-17 21:12:37.839 -04:00 [INF] Request finished HTTP/2 GET https://localhost:9070/swagger/favicon-32x32.png - 200 628 image/png 18.0185ms
2026-03-17 21:12:37.858 -04:00 [INF] Request finished HTTP/2 GET https://localhost:9070/swagger/v1/swagger.json - 200 null application/json;charset=utf-8 37.7482ms
2026-03-17 21:13:00.353 -04:00 [INF] Request starting HTTP/2 GET https://localhost:9070/api/Citizen - null null
2026-03-17 21:13:00.372 -04:00 [DBG] 1 candidate(s) found for the request path '/api/Citizen'
2026-03-17 21:13:00.374 -04:00 [DBG] Endpoint 'CitizenApi.Controllers.CitizenController.GetAll (CitizenApi)' with route pattern 'api/Citizen' is valid for the request path '/api/Citizen'
2026-03-17 21:13:00.377 -04:00 [DBG] Request matched endpoint 'CitizenApi.Controllers.CitizenController.GetAll (CitizenApi)'
2026-03-17 21:13:00.383 -04:00 [INF] Executing endpoint 'CitizenApi.Controllers.CitizenController.GetAll (CitizenApi)'
2026-03-17 21:13:00.398 -04:00 [INF] Route matched with {action = "GetAll", controller = "Citizen"}. Executing controller action with signature Microsoft.AspNetCore.Mvc.ActionResult`1[System.Collections.Generic.List`1[CitizenApi.Models.Citizen]] GetAll() on controller CitizenApi.Controllers.CitizenController (CitizenApi).
2026-03-17 21:13:00.402 -04:00 [DBG] Execution plan of authorization filters (in the following order): ["None"]
2026-03-17 21:13:00.404 -04:00 [DBG] Execution plan of resource filters (in the following order): ["None"]
2026-03-17 21:13:00.407 -04:00 [DBG] Execution plan of action filters (in the following order): ["Microsoft.AspNetCore.Mvc.ModelBinding.UnsupportedContentTypeFilter (Order: -3000)","Microsoft.AspNetCore.Mvc.Infrastructure.ModelStateInvalidFilter (Order: -2000)"]
2026-03-17 21:13:00.409 -04:00 [DBG] Execution plan of exception filters (in the following order): ["None"]
2026-03-17 21:13:00.413 -04:00 [DBG] Execution plan of result filters (in the following order): ["Microsoft.AspNetCore.Mvc.Infrastructure.ClientErrorResultFilter (Order: -2000)"]
2026-03-17 21:13:00.418 -04:00 [DBG] Executing controller factory for controller CitizenApi.Controllers.CitizenController (CitizenApi)
2026-03-17 21:13:00.423 -04:00 [DBG] Executed controller factory for controller CitizenApi.Controllers.CitizenController (CitizenApi)
2026-03-17 21:13:00.439 -04:00 [INF] Read 2 citizens from CSV
2026-03-17 21:13:00.443 -04:00 [INF] Returned all citizens
2026-03-17 21:13:00.446 -04:00 [DBG] List of registered output formatters, in the following order: ["Microsoft.AspNetCore.Mvc.Formatters.HttpNoContentOutputFormatter","Microsoft.AspNetCore.Mvc.Formatters.StringOutputFormatter","Microsoft.AspNetCore.Mvc.Formatters.StreamOutputFormatter","Microsoft.AspNetCore.Mvc.Formatters.SystemTextJsonOutputFormatter"]
2026-03-17 21:13:00.451 -04:00 [DBG] Attempting to select an output formatter based on Accept header '["text/plain"]'.
2026-03-17 21:13:00.453 -04:00 [DBG] Could not find an output formatter based on content negotiation. Accepted types were (["text/plain"])
2026-03-17 21:13:00.455 -04:00 [DBG] Attempting to select an output formatter without using a content type as no explicit content types were specified for the response.
2026-03-17 21:13:00.456 -04:00 [DBG] Attempting to select the first formatter in the output formatters list which can write the result.
2026-03-17 21:13:00.457 -04:00 [DBG] Selected output formatter 'Microsoft.AspNetCore.Mvc.Formatters.SystemTextJsonOutputFormatter' and content type 'application/json' to write the response.
2026-03-17 21:13:00.459 -04:00 [INF] Executing OkObjectResult, writing value of type 'System.Collections.Generic.List`1[[CitizenApi.Models.Citizen, CitizenApi, Version=1.0.0.0, Culture=neutral, PublicKeyToken=null]]'.
2026-03-17 21:13:00.479 -04:00 [INF] Executed action CitizenApi.Controllers.CitizenController.GetAll (CitizenApi) in 60.7569ms
2026-03-17 21:13:00.483 -04:00 [INF] Executed endpoint 'CitizenApi.Controllers.CitizenController.GetAll (CitizenApi)'
2026-03-17 21:13:00.486 -04:00 [INF] Request finished HTTP/2 GET https://localhost:9070/api/Citizen - 200 null application/json; charset=utf-8 132.8417ms
2026-03-17 21:13:50.332 -04:00 [INF] Request starting HTTP/2 POST https://localhost:9070/api/Citizen - application/json 68
2026-03-17 21:13:50.336 -04:00 [DBG] 1 candidate(s) found for the request path '/api/Citizen'
2026-03-17 21:13:50.338 -04:00 [DBG] Endpoint 'CitizenApi.Controllers.CitizenController.Create (CitizenApi)' with route pattern 'api/Citizen' is valid for the request path '/api/Citizen'
2026-03-17 21:13:50.339 -04:00 [DBG] Request matched endpoint 'CitizenApi.Controllers.CitizenController.Create (CitizenApi)'
2026-03-17 21:13:50.340 -04:00 [INF] Executing endpoint 'CitizenApi.Controllers.CitizenController.Create (CitizenApi)'
2026-03-17 21:13:50.352 -04:00 [INF] Route matched with {action = "Create", controller = "Citizen"}. Executing controller action with signature System.Threading.Tasks.Task`1[Microsoft.AspNetCore.Mvc.ActionResult`1[CitizenApi.Models.Citizen]] Create(CitizenApi.Models.CreateCitizenRequest) on controller CitizenApi.Controllers.CitizenController (CitizenApi).
2026-03-17 21:13:50.354 -04:00 [DBG] Execution plan of authorization filters (in the following order): ["None"]
2026-03-17 21:13:50.355 -04:00 [DBG] Execution plan of resource filters (in the following order): ["None"]
2026-03-17 21:13:50.356 -04:00 [DBG] Execution plan of action filters (in the following order): ["Microsoft.AspNetCore.Mvc.ModelBinding.UnsupportedContentTypeFilter (Order: -3000)","Microsoft.AspNetCore.Mvc.Infrastructure.ModelStateInvalidFilter (Order: -2000)"]
2026-03-17 21:13:50.357 -04:00 [DBG] Execution plan of exception filters (in the following order): ["None"]
2026-03-17 21:13:50.358 -04:00 [DBG] Execution plan of result filters (in the following order): ["Microsoft.AspNetCore.Mvc.Infrastructure.ClientErrorResultFilter (Order: -2000)"]
2026-03-17 21:13:50.359 -04:00 [DBG] Executing controller factory for controller CitizenApi.Controllers.CitizenController (CitizenApi)
2026-03-17 21:13:50.362 -04:00 [DBG] Executed controller factory for controller CitizenApi.Controllers.CitizenController (CitizenApi)
2026-03-17 21:13:50.367 -04:00 [DBG] Attempting to bind parameter 'request' of type 'CitizenApi.Models.CreateCitizenRequest' ...
2026-03-17 21:13:50.370 -04:00 [DBG] Attempting to bind parameter 'request' of type 'CitizenApi.Models.CreateCitizenRequest' using the name '' in request data ...
2026-03-17 21:13:50.371 -04:00 [DBG] Selected input formatter 'Microsoft.AspNetCore.Mvc.Formatters.SystemTextJsonInputFormatter' for content type 'application/json'.
2026-03-17 21:13:50.376 -04:00 [DBG] Connection id "0HNK4HDM0KONS", Request id "0HNK4HDM0KONS:00000023": started reading request body.
2026-03-17 21:13:50.377 -04:00 [DBG] Connection id "0HNK4HDM0KONS", Request id "0HNK4HDM0KONS:00000023": done reading request body.
2026-03-17 21:13:50.381 -04:00 [DBG] JSON input formatter succeeded, deserializing to type 'CitizenApi.Models.CreateCitizenRequest'
2026-03-17 21:13:50.383 -04:00 [DBG] Done attempting to bind parameter 'request' of type 'CitizenApi.Models.CreateCitizenRequest'.
2026-03-17 21:13:50.384 -04:00 [DBG] Done attempting to bind parameter 'request' of type 'CitizenApi.Models.CreateCitizenRequest'.
2026-03-17 21:13:50.385 -04:00 [DBG] Attempting to validate the bound parameter 'request' of type 'CitizenApi.Models.CreateCitizenRequest' ...
2026-03-17 21:13:50.391 -04:00 [DBG] Done attempting to validate the bound parameter 'request' of type 'CitizenApi.Models.CreateCitizenRequest'.
2026-03-17 21:13:50.395 -04:00 [INF] Read 2 citizens from CSV
2026-03-17 21:13:50.398 -04:00 [INF] Calling external API: https://api.restful-api.dev/objects
2026-03-17 21:13:50.403 -04:00 [INF] Start processing HTTP request GET https://api.restful-api.dev/objects
2026-03-17 21:13:50.405 -04:00 [INF] Sending HTTP request GET https://api.restful-api.dev/objects
2026-03-17 21:13:51.216 -04:00 [INF] Received HTTP response headers after 808.0184ms - 200
2026-03-17 21:13:51.218 -04:00 [INF] End processing HTTP request after 815.0316ms - 200
2026-03-17 21:13:51.225 -04:00 [INF] Selected personal asset: Apple iPad Air
2026-03-17 21:13:51.227 -04:00 [INF] Saved 3 citizens to CSV
2026-03-17 21:13:51.228 -04:00 [INF] Citizen created with CI 678905
2026-03-17 21:13:51.232 -04:00 [DBG] List of registered output formatters, in the following order: ["Microsoft.AspNetCore.Mvc.Formatters.HttpNoContentOutputFormatter","Microsoft.AspNetCore.Mvc.Formatters.StringOutputFormatter","Microsoft.AspNetCore.Mvc.Formatters.StreamOutputFormatter","Microsoft.AspNetCore.Mvc.Formatters.SystemTextJsonOutputFormatter"]
2026-03-17 21:13:51.234 -04:00 [DBG] Attempting to select an output formatter based on Accept header '["text/plain"]'.
2026-03-17 21:13:51.237 -04:00 [DBG] Could not find an output formatter based on content negotiation. Accepted types were (["text/plain"])
2026-03-17 21:13:51.238 -04:00 [DBG] Attempting to select an output formatter without using a content type as no explicit content types were specified for the response.
2026-03-17 21:13:51.239 -04:00 [DBG] Attempting to select the first formatter in the output formatters list which can write the result.
2026-03-17 21:13:51.240 -04:00 [DBG] Selected output formatter 'Microsoft.AspNetCore.Mvc.Formatters.SystemTextJsonOutputFormatter' and content type 'application/json' to write the response.
2026-03-17 21:13:51.241 -04:00 [INF] Executing CreatedAtActionResult, writing value of type 'CitizenApi.Models.Citizen'.
2026-03-17 21:13:51.254 -04:00 [DBG] Found the endpoints ["CitizenApi.Controllers.CitizenController.GetByCi (CitizenApi)"] for address (ci=[678905],action=[GetByCi],controller=[Citizen])
2026-03-17 21:13:51.256 -04:00 [DBG] Successfully processed template api/Citizen/{ci} for CitizenApi.Controllers.CitizenController.GetByCi (CitizenApi) resulting in /api/Citizen/678905 and 
2026-03-17 21:13:51.258 -04:00 [DBG] Link generation succeeded for endpoints ["CitizenApi.Controllers.CitizenController.GetByCi (CitizenApi)"] with result /api/Citizen/678905
2026-03-17 21:13:51.260 -04:00 [INF] Executed action CitizenApi.Controllers.CitizenController.Create (CitizenApi) in 901.148ms
2026-03-17 21:13:51.263 -04:00 [INF] Executed endpoint 'CitizenApi.Controllers.CitizenController.Create (CitizenApi)'
2026-03-17 21:13:51.264 -04:00 [INF] Request finished HTTP/2 POST https://localhost:9070/api/Citizen - 201 null application/json; charset=utf-8 931.3879ms
2026-03-17 21:14:20.507 -04:00 [INF] Request starting HTTP/2 GET https://localhost:9070/api/Citizen - null null
2026-03-17 21:14:20.511 -04:00 [DBG] 1 candidate(s) found for the request path '/api/Citizen'
2026-03-17 21:14:20.512 -04:00 [DBG] Endpoint 'CitizenApi.Controllers.CitizenController.GetAll (CitizenApi)' with route pattern 'api/Citizen' is valid for the request path '/api/Citizen'
2026-03-17 21:14:20.514 -04:00 [DBG] Request matched endpoint 'CitizenApi.Controllers.CitizenController.GetAll (CitizenApi)'
2026-03-17 21:14:20.515 -04:00 [INF] Executing endpoint 'CitizenApi.Controllers.CitizenController.GetAll (CitizenApi)'
2026-03-17 21:14:20.516 -04:00 [INF] Route matched with {action = "GetAll", controller = "Citizen"}. Executing controller action with signature Microsoft.AspNetCore.Mvc.ActionResult`1[System.Collections.Generic.List`1[CitizenApi.Models.Citizen]] GetAll() on controller CitizenApi.Controllers.CitizenController (CitizenApi).
2026-03-17 21:14:20.518 -04:00 [DBG] Execution plan of authorization filters (in the following order): ["None"]
2026-03-17 21:14:20.520 -04:00 [DBG] Execution plan of resource filters (in the following order): ["None"]
2026-03-17 21:14:20.521 -04:00 [DBG] Execution plan of action filters (in the following order): ["Microsoft.AspNetCore.Mvc.ModelBinding.UnsupportedContentTypeFilter (Order: -3000)","Microsoft.AspNetCore.Mvc.Infrastructure.ModelStateInvalidFilter (Order: -2000)"]
2026-03-17 21:14:20.523 -04:00 [DBG] Execution plan of exception filters (in the following order): ["None"]
2026-03-17 21:14:20.525 -04:00 [DBG] Execution plan of result filters (in the following order): ["Microsoft.AspNetCore.Mvc.Infrastructure.ClientErrorResultFilter (Order: -2000)"]
2026-03-17 21:14:20.525 -04:00 [DBG] Executing controller factory for controller CitizenApi.Controllers.CitizenController (CitizenApi)
2026-03-17 21:14:20.530 -04:00 [DBG] Executed controller factory for controller CitizenApi.Controllers.CitizenController (CitizenApi)
2026-03-17 21:14:20.532 -04:00 [INF] Read 3 citizens from CSV
2026-03-17 21:14:20.533 -04:00 [INF] Returned all citizens
2026-03-17 21:14:20.535 -04:00 [DBG] List of registered output formatters, in the following order: ["Microsoft.AspNetCore.Mvc.Formatters.HttpNoContentOutputFormatter","Microsoft.AspNetCore.Mvc.Formatters.StringOutputFormatter","Microsoft.AspNetCore.Mvc.Formatters.StreamOutputFormatter","Microsoft.AspNetCore.Mvc.Formatters.SystemTextJsonOutputFormatter"]
2026-03-17 21:14:20.537 -04:00 [DBG] Attempting to select an output formatter based on Accept header '["text/plain"]'.
2026-03-17 21:14:20.538 -04:00 [DBG] Could not find an output formatter based on content negotiation. Accepted types were (["text/plain"])
2026-03-17 21:14:20.540 -04:00 [DBG] Attempting to select an output formatter without using a content type as no explicit content types were specified for the response.
2026-03-17 21:14:20.541 -04:00 [DBG] Attempting to select the first formatter in the output formatters list which can write the result.
2026-03-17 21:14:20.541 -04:00 [DBG] Selected output formatter 'Microsoft.AspNetCore.Mvc.Formatters.SystemTextJsonOutputFormatter' and content type 'application/json' to write the response.
2026-03-17 21:14:20.543 -04:00 [INF] Executing OkObjectResult, writing value of type 'System.Collections.Generic.List`1[[CitizenApi.Models.Citizen, CitizenApi, Version=1.0.0.0, Culture=neutral, PublicKeyToken=null]]'.
2026-03-17 21:14:20.544 -04:00 [INF] Executed action CitizenApi.Controllers.CitizenController.GetAll (CitizenApi) in 18.9195ms
2026-03-17 21:14:20.547 -04:00 [INF] Executed endpoint 'CitizenApi.Controllers.CitizenController.GetAll (CitizenApi)'
2026-03-17 21:14:20.548 -04:00 [INF] Request finished HTTP/2 GET https://localhost:9070/api/Citizen - 200 null application/json; charset=utf-8 41.3792ms
2026-03-17 21:14:44.293 -04:00 [INF] Request starting HTTP/2 GET https://localhost:9070/api/Citizen/678905 - null null
2026-03-17 21:14:44.298 -04:00 [DBG] 1 candidate(s) found for the request path '/api/Citizen/678905'
2026-03-17 21:14:44.299 -04:00 [DBG] Endpoint 'CitizenApi.Controllers.CitizenController.GetByCi (CitizenApi)' with route pattern 'api/Citizen/{ci}' is valid for the request path '/api/Citizen/678905'
2026-03-17 21:14:44.303 -04:00 [DBG] Request matched endpoint 'CitizenApi.Controllers.CitizenController.GetByCi (CitizenApi)'
2026-03-17 21:14:44.304 -04:00 [INF] Executing endpoint 'CitizenApi.Controllers.CitizenController.GetByCi (CitizenApi)'
2026-03-17 21:14:44.307 -04:00 [INF] Route matched with {action = "GetByCi", controller = "Citizen"}. Executing controller action with signature Microsoft.AspNetCore.Mvc.ActionResult`1[CitizenApi.Models.Citizen] GetByCi(System.String) on controller CitizenApi.Controllers.CitizenController (CitizenApi).
2026-03-17 21:14:44.311 -04:00 [DBG] Execution plan of authorization filters (in the following order): ["None"]
2026-03-17 21:14:44.313 -04:00 [DBG] Execution plan of resource filters (in the following order): ["None"]
2026-03-17 21:14:44.314 -04:00 [DBG] Execution plan of action filters (in the following order): ["Microsoft.AspNetCore.Mvc.ModelBinding.UnsupportedContentTypeFilter (Order: -3000)","Microsoft.AspNetCore.Mvc.Infrastructure.ModelStateInvalidFilter (Order: -2000)"]
2026-03-17 21:14:44.316 -04:00 [DBG] Execution plan of exception filters (in the following order): ["None"]
2026-03-17 21:14:44.318 -04:00 [DBG] Execution plan of result filters (in the following order): ["Microsoft.AspNetCore.Mvc.Infrastructure.ClientErrorResultFilter (Order: -2000)"]
2026-03-17 21:14:44.320 -04:00 [DBG] Executing controller factory for controller CitizenApi.Controllers.CitizenController (CitizenApi)
2026-03-17 21:14:44.322 -04:00 [DBG] Executed controller factory for controller CitizenApi.Controllers.CitizenController (CitizenApi)
2026-03-17 21:14:44.324 -04:00 [DBG] Attempting to bind parameter 'ci' of type 'System.String' ...
2026-03-17 21:14:44.325 -04:00 [DBG] Attempting to bind parameter 'ci' of type 'System.String' using the name 'ci' in request data ...
2026-03-17 21:14:44.328 -04:00 [DBG] Done attempting to bind parameter 'ci' of type 'System.String'.
2026-03-17 21:14:44.329 -04:00 [DBG] Done attempting to bind parameter 'ci' of type 'System.String'.
2026-03-17 21:14:44.331 -04:00 [DBG] Attempting to validate the bound parameter 'ci' of type 'System.String' ...
2026-03-17 21:14:44.336 -04:00 [DBG] Done attempting to validate the bound parameter 'ci' of type 'System.String'.
2026-03-17 21:14:44.338 -04:00 [INF] Read 3 citizens from CSV
2026-03-17 21:14:44.339 -04:00 [INF] Returned citizen with CI 678905
2026-03-17 21:14:44.340 -04:00 [DBG] List of registered output formatters, in the following order: ["Microsoft.AspNetCore.Mvc.Formatters.HttpNoContentOutputFormatter","Microsoft.AspNetCore.Mvc.Formatters.StringOutputFormatter","Microsoft.AspNetCore.Mvc.Formatters.StreamOutputFormatter","Microsoft.AspNetCore.Mvc.Formatters.SystemTextJsonOutputFormatter"]
2026-03-17 21:14:44.343 -04:00 [DBG] Attempting to select an output formatter based on Accept header '["text/plain"]'.
2026-03-17 21:14:44.345 -04:00 [DBG] Could not find an output formatter based on content negotiation. Accepted types were (["text/plain"])
2026-03-17 21:14:44.346 -04:00 [DBG] Attempting to select an output formatter without using a content type as no explicit content types were specified for the response.
2026-03-17 21:14:44.348 -04:00 [DBG] Attempting to select the first formatter in the output formatters list which can write the result.
2026-03-17 21:14:44.349 -04:00 [DBG] Selected output formatter 'Microsoft.AspNetCore.Mvc.Formatters.SystemTextJsonOutputFormatter' and content type 'application/json' to write the response.
2026-03-17 21:14:44.350 -04:00 [INF] Executing OkObjectResult, writing value of type 'CitizenApi.Models.Citizen'.
2026-03-17 21:14:44.353 -04:00 [INF] Executed action CitizenApi.Controllers.CitizenController.GetByCi (CitizenApi) in 32.6844ms
2026-03-17 21:14:44.357 -04:00 [INF] Executed endpoint 'CitizenApi.Controllers.CitizenController.GetByCi (CitizenApi)'
2026-03-17 21:14:44.360 -04:00 [INF] Request finished HTTP/2 GET https://localhost:9070/api/Citizen/678905 - 200 null application/json; charset=utf-8 67.3421ms
2026-03-17 21:15:18.742 -04:00 [INF] Request starting HTTP/2 PUT https://localhost:9070/api/Citizen/678905 - application/json 62
2026-03-17 21:15:18.750 -04:00 [DBG] 1 candidate(s) found for the request path '/api/Citizen/678905'
2026-03-17 21:15:18.753 -04:00 [DBG] Endpoint 'CitizenApi.Controllers.CitizenController.Update (CitizenApi)' with route pattern 'api/Citizen/{ci}' is valid for the request path '/api/Citizen/678905'
2026-03-17 21:15:18.755 -04:00 [DBG] Request matched endpoint 'CitizenApi.Controllers.CitizenController.Update (CitizenApi)'
2026-03-17 21:15:18.756 -04:00 [INF] Executing endpoint 'CitizenApi.Controllers.CitizenController.Update (CitizenApi)'
2026-03-17 21:15:18.759 -04:00 [INF] Route matched with {action = "Update", controller = "Citizen"}. Executing controller action with signature Microsoft.AspNetCore.Mvc.ActionResult`1[CitizenApi.Models.Citizen] Update(System.String, CitizenApi.Models.UpdateCitizenRequest) on controller CitizenApi.Controllers.CitizenController (CitizenApi).
2026-03-17 21:15:18.763 -04:00 [DBG] Execution plan of authorization filters (in the following order): ["None"]
2026-03-17 21:15:18.764 -04:00 [DBG] Execution plan of resource filters (in the following order): ["None"]
2026-03-17 21:15:18.766 -04:00 [DBG] Execution plan of action filters (in the following order): ["Microsoft.AspNetCore.Mvc.ModelBinding.UnsupportedContentTypeFilter (Order: -3000)","Microsoft.AspNetCore.Mvc.Infrastructure.ModelStateInvalidFilter (Order: -2000)"]
2026-03-17 21:15:18.769 -04:00 [DBG] Execution plan of exception filters (in the following order): ["None"]
2026-03-17 21:15:18.771 -04:00 [DBG] Execution plan of result filters (in the following order): ["Microsoft.AspNetCore.Mvc.Infrastructure.ClientErrorResultFilter (Order: -2000)"]
2026-03-17 21:15:18.773 -04:00 [DBG] Executing controller factory for controller CitizenApi.Controllers.CitizenController (CitizenApi)
2026-03-17 21:15:18.775 -04:00 [DBG] Executed controller factory for controller CitizenApi.Controllers.CitizenController (CitizenApi)
2026-03-17 21:15:18.778 -04:00 [DBG] Attempting to bind parameter 'ci' of type 'System.String' ...
2026-03-17 21:15:18.779 -04:00 [DBG] Attempting to bind parameter 'ci' of type 'System.String' using the name 'ci' in request data ...
2026-03-17 21:15:18.782 -04:00 [DBG] Done attempting to bind parameter 'ci' of type 'System.String'.
2026-03-17 21:15:18.784 -04:00 [DBG] Done attempting to bind parameter 'ci' of type 'System.String'.
2026-03-17 21:15:18.785 -04:00 [DBG] Attempting to validate the bound parameter 'ci' of type 'System.String' ...
2026-03-17 21:15:18.786 -04:00 [DBG] Done attempting to validate the bound parameter 'ci' of type 'System.String'.
2026-03-17 21:15:18.787 -04:00 [DBG] Attempting to bind parameter 'request' of type 'CitizenApi.Models.UpdateCitizenRequest' ...
2026-03-17 21:15:18.789 -04:00 [DBG] Attempting to bind parameter 'request' of type 'CitizenApi.Models.UpdateCitizenRequest' using the name '' in request data ...
2026-03-17 21:15:18.790 -04:00 [DBG] Selected input formatter 'Microsoft.AspNetCore.Mvc.Formatters.SystemTextJsonInputFormatter' for content type 'application/json'.
2026-03-17 21:15:18.793 -04:00 [DBG] Connection id "0HNK4HDM0KONS", Request id "0HNK4HDM0KONS:00000029": started reading request body.
2026-03-17 21:15:18.794 -04:00 [DBG] Connection id "0HNK4HDM0KONS", Request id "0HNK4HDM0KONS:00000029": done reading request body.
2026-03-17 21:15:18.796 -04:00 [DBG] JSON input formatter succeeded, deserializing to type 'CitizenApi.Models.UpdateCitizenRequest'
2026-03-17 21:15:18.797 -04:00 [DBG] Done attempting to bind parameter 'request' of type 'CitizenApi.Models.UpdateCitizenRequest'.
2026-03-17 21:15:18.799 -04:00 [DBG] Done attempting to bind parameter 'request' of type 'CitizenApi.Models.UpdateCitizenRequest'.
2026-03-17 21:15:18.801 -04:00 [DBG] Attempting to validate the bound parameter 'request' of type 'CitizenApi.Models.UpdateCitizenRequest' ...
2026-03-17 21:15:18.803 -04:00 [DBG] Done attempting to validate the bound parameter 'request' of type 'CitizenApi.Models.UpdateCitizenRequest'.
2026-03-17 21:15:18.804 -04:00 [INF] Read 3 citizens from CSV
2026-03-17 21:15:18.806 -04:00 [INF] Saved 3 citizens to CSV
2026-03-17 21:15:18.807 -04:00 [INF] Citizen updated with CI 678905
2026-03-17 21:15:18.808 -04:00 [DBG] List of registered output formatters, in the following order: ["Microsoft.AspNetCore.Mvc.Formatters.HttpNoContentOutputFormatter","Microsoft.AspNetCore.Mvc.Formatters.StringOutputFormatter","Microsoft.AspNetCore.Mvc.Formatters.StreamOutputFormatter","Microsoft.AspNetCore.Mvc.Formatters.SystemTextJsonOutputFormatter"]
2026-03-17 21:15:18.811 -04:00 [DBG] Attempting to select an output formatter based on Accept header '["text/plain"]'.
2026-03-17 21:15:18.812 -04:00 [DBG] Could not find an output formatter based on content negotiation. Accepted types were (["text/plain"])
2026-03-17 21:15:18.813 -04:00 [DBG] Attempting to select an output formatter without using a content type as no explicit content types were specified for the response.
2026-03-17 21:15:18.814 -04:00 [DBG] Attempting to select the first formatter in the output formatters list which can write the result.
2026-03-17 21:15:18.815 -04:00 [DBG] Selected output formatter 'Microsoft.AspNetCore.Mvc.Formatters.SystemTextJsonOutputFormatter' and content type 'application/json' to write the response.
2026-03-17 21:15:18.816 -04:00 [INF] Executing OkObjectResult, writing value of type 'CitizenApi.Models.Citizen'.
2026-03-17 21:15:18.817 -04:00 [INF] Executed action CitizenApi.Controllers.CitizenController.Update (CitizenApi) in 44.0117ms
2026-03-17 21:15:18.818 -04:00 [INF] Executed endpoint 'CitizenApi.Controllers.CitizenController.Update (CitizenApi)'
2026-03-17 21:15:18.819 -04:00 [INF] Request finished HTTP/2 PUT https://localhost:9070/api/Citizen/678905 - 200 null application/json; charset=utf-8 76.5941ms
2026-03-17 21:15:39.228 -04:00 [INF] Request starting HTTP/2 GET https://localhost:9070/api/Citizen - null null
2026-03-17 21:15:39.234 -04:00 [DBG] 1 candidate(s) found for the request path '/api/Citizen'
2026-03-17 21:15:39.237 -04:00 [DBG] Endpoint 'CitizenApi.Controllers.CitizenController.GetAll (CitizenApi)' with route pattern 'api/Citizen' is valid for the request path '/api/Citizen'
2026-03-17 21:15:39.239 -04:00 [DBG] Request matched endpoint 'CitizenApi.Controllers.CitizenController.GetAll (CitizenApi)'
2026-03-17 21:15:39.241 -04:00 [INF] Executing endpoint 'CitizenApi.Controllers.CitizenController.GetAll (CitizenApi)'
2026-03-17 21:15:39.244 -04:00 [INF] Route matched with {action = "GetAll", controller = "Citizen"}. Executing controller action with signature Microsoft.AspNetCore.Mvc.ActionResult`1[System.Collections.Generic.List`1[CitizenApi.Models.Citizen]] GetAll() on controller CitizenApi.Controllers.CitizenController (CitizenApi).
2026-03-17 21:15:39.247 -04:00 [DBG] Execution plan of authorization filters (in the following order): ["None"]
2026-03-17 21:15:39.250 -04:00 [DBG] Execution plan of resource filters (in the following order): ["None"]
2026-03-17 21:15:39.253 -04:00 [DBG] Execution plan of action filters (in the following order): ["Microsoft.AspNetCore.Mvc.ModelBinding.UnsupportedContentTypeFilter (Order: -3000)","Microsoft.AspNetCore.Mvc.Infrastructure.ModelStateInvalidFilter (Order: -2000)"]
2026-03-17 21:15:39.255 -04:00 [DBG] Execution plan of exception filters (in the following order): ["None"]
2026-03-17 21:15:39.257 -04:00 [DBG] Execution plan of result filters (in the following order): ["Microsoft.AspNetCore.Mvc.Infrastructure.ClientErrorResultFilter (Order: -2000)"]
2026-03-17 21:15:39.258 -04:00 [DBG] Executing controller factory for controller CitizenApi.Controllers.CitizenController (CitizenApi)
2026-03-17 21:15:39.260 -04:00 [DBG] Executed controller factory for controller CitizenApi.Controllers.CitizenController (CitizenApi)
2026-03-17 21:15:39.261 -04:00 [INF] Read 3 citizens from CSV
2026-03-17 21:15:39.262 -04:00 [INF] Returned all citizens
2026-03-17 21:15:39.263 -04:00 [DBG] List of registered output formatters, in the following order: ["Microsoft.AspNetCore.Mvc.Formatters.HttpNoContentOutputFormatter","Microsoft.AspNetCore.Mvc.Formatters.StringOutputFormatter","Microsoft.AspNetCore.Mvc.Formatters.StreamOutputFormatter","Microsoft.AspNetCore.Mvc.Formatters.SystemTextJsonOutputFormatter"]
2026-03-17 21:15:39.265 -04:00 [DBG] Attempting to select an output formatter based on Accept header '["text/plain"]'.
2026-03-17 21:15:39.267 -04:00 [DBG] Could not find an output formatter based on content negotiation. Accepted types were (["text/plain"])
2026-03-17 21:15:39.269 -04:00 [DBG] Attempting to select an output formatter without using a content type as no explicit content types were specified for the response.
2026-03-17 21:15:39.270 -04:00 [DBG] Attempting to select the first formatter in the output formatters list which can write the result.
2026-03-17 21:15:39.271 -04:00 [DBG] Selected output formatter 'Microsoft.AspNetCore.Mvc.Formatters.SystemTextJsonOutputFormatter' and content type 'application/json' to write the response.
2026-03-17 21:15:39.272 -04:00 [INF] Executing OkObjectResult, writing value of type 'System.Collections.Generic.List`1[[CitizenApi.Models.Citizen, CitizenApi, Version=1.0.0.0, Culture=neutral, PublicKeyToken=null]]'.
2026-03-17 21:15:39.275 -04:00 [INF] Executed action CitizenApi.Controllers.CitizenController.GetAll (CitizenApi) in 16.6372ms
2026-03-17 21:15:39.278 -04:00 [INF] Executed endpoint 'CitizenApi.Controllers.CitizenController.GetAll (CitizenApi)'
2026-03-17 21:15:39.279 -04:00 [INF] Request finished HTTP/2 GET https://localhost:9070/api/Citizen - 200 null application/json; charset=utf-8 51.7502ms
2026-03-17 21:15:47.731 -04:00 [INF] Application is shutting down...
2026-03-17 21:15:47.733 -04:00 [DBG] Hosting stopping
2026-03-17 21:15:47.738 -04:00 [DBG] Connection id "0HNK4HDM0KONS" is closing.
2026-03-17 21:15:47.742 -04:00 [DBG] Connection id "0HNK4HDM0KONS" is closed. The last processed stream ID was 43.
2026-03-17 21:15:47.743 -04:00 [DBG] Connection id "0HNK4HDM0KONS" received FIN.
2026-03-17 21:15:47.744 -04:00 [DBG] Connection id "0HNK4HDM0KONS" sending FIN because: "The Socket transport's send loop completed gracefully."
2026-03-17 21:15:47.746 -04:00 [DBG] The connection queue processing loop for 0HNK4HDM0KONS completed.
2026-03-17 21:15:47.748 -04:00 [DBG] Connection id "0HNK4HDM0KONS" stopped.
2026-03-17 21:15:47.752 -04:00 [DBG] Hosting stopped
2026-03-17 21:15:57.672 -04:00 [DBG] Registered model binder providers, in the following order: ["Microsoft.AspNetCore.Mvc.ModelBinding.Binders.BinderTypeModelBinderProvider","Microsoft.AspNetCore.Mvc.ModelBinding.Binders.ServicesModelBinderProvider","Microsoft.AspNetCore.Mvc.ModelBinding.Binders.BodyModelBinderProvider","Microsoft.AspNetCore.Mvc.ModelBinding.Binders.HeaderModelBinderProvider","Microsoft.AspNetCore.Mvc.ModelBinding.Binders.FloatingPointTypeModelBinderProvider","Microsoft.AspNetCore.Mvc.ModelBinding.Binders.EnumTypeModelBinderProvider","Microsoft.AspNetCore.Mvc.ModelBinding.Binders.DateTimeModelBinderProvider","Microsoft.AspNetCore.Mvc.ModelBinding.Binders.SimpleTypeModelBinderProvider","Microsoft.AspNetCore.Mvc.ModelBinding.Binders.TryParseModelBinderProvider","Microsoft.AspNetCore.Mvc.ModelBinding.Binders.CancellationTokenModelBinderProvider","Microsoft.AspNetCore.Mvc.ModelBinding.Binders.ByteArrayModelBinderProvider","Microsoft.AspNetCore.Mvc.ModelBinding.Binders.FormFileModelBinderProvider","Microsoft.AspNetCore.Mvc.ModelBinding.Binders.FormCollectionModelBinderProvider","Microsoft.AspNetCore.Mvc.ModelBinding.Binders.KeyValuePairModelBinderProvider","Microsoft.AspNetCore.Mvc.ModelBinding.Binders.DictionaryModelBinderProvider","Microsoft.AspNetCore.Mvc.ModelBinding.Binders.ArrayModelBinderProvider","Microsoft.AspNetCore.Mvc.ModelBinding.Binders.CollectionModelBinderProvider","Microsoft.AspNetCore.Mvc.ModelBinding.Binders.ComplexObjectModelBinderProvider"]
2026-03-17 21:15:57.740 -04:00 [DBG] Hosting starting
2026-03-17 21:15:57.770 -04:00 [DBG] Middleware configuration started with options: {AllowedHosts = *, AllowEmptyHosts = True, IncludeFailureMessage = True}
2026-03-17 21:15:57.773 -04:00 [DBG] Wildcard detected, all requests with hosts will be allowed.
2026-03-17 21:15:57.794 -04:00 [WRN] The ASP.NET Core developer certificate is not trusted. For information about trusting the ASP.NET Core developer certificate, see https://aka.ms/aspnet/https-trust-dev-cert
2026-03-17 21:15:57.819 -04:00 [INF] Now listening on: https://localhost:9070
2026-03-17 21:15:57.822 -04:00 [DBG] Loaded hosting startup assembly CitizenApi
2026-03-17 21:15:57.823 -04:00 [INF] Application started. Press Ctrl+C to shut down.
2026-03-17 21:15:57.824 -04:00 [INF] Hosting environment: Development
2026-03-17 21:15:57.825 -04:00 [INF] Content root path: C:\TEMP\2daPracticaCerti\CitizenApi
2026-03-17 21:15:57.826 -04:00 [DBG] Hosting started
2026-03-17 21:16:01.795 -04:00 [DBG] Connection id "0HNK4HFLMFBUR" accepted.
2026-03-17 21:16:01.802 -04:00 [DBG] Connection id "0HNK4HFLMFBUR" started.
2026-03-17 21:16:01.842 -04:00 [DBG] Connection id "0HNK4HFLMFBUR" received FIN.
2026-03-17 21:16:01.845 -04:00 [DBG] Connection id "0HNK4HFLMFBUS" accepted.
2026-03-17 21:16:01.852 -04:00 [DBG] Failed to authenticate HTTPS connection.
System.Security.Authentication.AuthenticationException: Authentication failed, see inner exception.
 ---> System.ComponentModel.Win32Exception (0x80090327): Error desconocido al procesar el certificado.
   --- End of inner exception stack trace ---
   at System.Net.Security.SslStream.ForceAuthenticationAsync[TIOAdapter](Boolean receiveFirst, Byte[] reAuthenticationData, CancellationToken cancellationToken)
   at Microsoft.AspNetCore.Server.Kestrel.Https.Internal.HttpsConnectionMiddleware.OnConnectionAsync(ConnectionContext context)
2026-03-17 21:16:01.855 -04:00 [DBG] Connection id "0HNK4HFLMFBUS" started.
2026-03-17 21:16:01.873 -04:00 [DBG] Connection id "0HNK4HFLMFBUR" stopped.
2026-03-17 21:16:01.874 -04:00 [DBG] Connection id "0HNK4HFLMFBUS" received FIN.
2026-03-17 21:16:01.875 -04:00 [DBG] Failed to authenticate HTTPS connection.
System.Security.Authentication.AuthenticationException: Authentication failed, see inner exception.
 ---> System.ComponentModel.Win32Exception (0x80090327): Error desconocido al procesar el certificado.
   --- End of inner exception stack trace ---
   at System.Net.Security.SslStream.ForceAuthenticationAsync[TIOAdapter](Boolean receiveFirst, Byte[] reAuthenticationData, CancellationToken cancellationToken)
   at Microsoft.AspNetCore.Server.Kestrel.Https.Internal.HttpsConnectionMiddleware.OnConnectionAsync(ConnectionContext context)
2026-03-17 21:16:01.876 -04:00 [DBG] Connection id "0HNK4HFLMFBUT" accepted.
2026-03-17 21:16:01.880 -04:00 [DBG] Connection id "0HNK4HFLMFBUR" sending FIN because: "The Socket transport's send loop completed gracefully."
2026-03-17 21:16:01.884 -04:00 [DBG] Connection id "0HNK4HFLMFBUS" stopped.
2026-03-17 21:16:01.887 -04:00 [DBG] Connection id "0HNK4HFLMFBUT" started.
2026-03-17 21:16:01.892 -04:00 [DBG] Connection id "0HNK4HFLMFBUS" sending FIN because: "The Socket transport's send loop completed gracefully."
2026-03-17 21:16:01.903 -04:00 [DBG] Connection 0HNK4HFLMFBUT established using the following protocol: "Tls13"
2026-03-17 21:16:01.943 -04:00 [INF] Request starting HTTP/2 GET https://localhost:9070/swagger/index.html - null null
2026-03-17 21:16:01.963 -04:00 [DBG] No candidates found for the request path '/swagger/index.html'
2026-03-17 21:16:01.967 -04:00 [DBG] Request did not match any endpoints
2026-03-17 21:16:02.026 -04:00 [INF] Request finished HTTP/2 GET https://localhost:9070/swagger/index.html - 200 null text/html;charset=utf-8 84.4666ms
2026-03-17 21:16:02.060 -04:00 [INF] Request starting HTTP/2 GET https://localhost:9070/swagger/swagger-ui.css - null null
2026-03-17 21:16:02.064 -04:00 [DBG] No candidates found for the request path '/swagger/swagger-ui.css'
2026-03-17 21:16:02.067 -04:00 [DBG] Request did not match any endpoints
2026-03-17 21:16:02.068 -04:00 [INF] Request starting HTTP/2 GET https://localhost:9070/swagger/index.css - null null
2026-03-17 21:16:02.068 -04:00 [INF] Request starting HTTP/2 GET https://localhost:9070/swagger/swagger-ui-bundle.js - null null
2026-03-17 21:16:02.068 -04:00 [INF] Request starting HTTP/2 GET https://localhost:9070/swagger/index.js - null null
2026-03-17 21:16:02.068 -04:00 [INF] Request starting HTTP/2 GET https://localhost:9070/swagger/swagger-ui-standalone-preset.js - null null
2026-03-17 21:16:02.073 -04:00 [DBG] No candidates found for the request path '/swagger/index.css'
2026-03-17 21:16:02.077 -04:00 [DBG] No candidates found for the request path '/swagger/swagger-ui-bundle.js'
2026-03-17 21:16:02.081 -04:00 [DBG] No candidates found for the request path '/swagger/index.js'
2026-03-17 21:16:02.086 -04:00 [DBG] No candidates found for the request path '/swagger/swagger-ui-standalone-preset.js'
2026-03-17 21:16:02.087 -04:00 [DBG] Request did not match any endpoints
2026-03-17 21:16:02.089 -04:00 [DBG] Request did not match any endpoints
2026-03-17 21:16:02.091 -04:00 [DBG] Request did not match any endpoints
2026-03-17 21:16:02.093 -04:00 [DBG] Request did not match any endpoints
2026-03-17 21:16:02.096 -04:00 [INF] Request finished HTTP/2 GET https://localhost:9070/swagger/index.css - 200 152 text/css 28.5744ms
2026-03-17 21:16:02.098 -04:00 [INF] Request finished HTTP/2 GET https://localhost:9070/swagger/index.js - 200 null application/javascript;charset=utf-8 29.8234ms
2026-03-17 21:16:02.105 -04:00 [INF] Request finished HTTP/2 GET https://localhost:9070/swagger/swagger-ui.css - 200 26388 text/css 44.6787ms
2026-03-17 21:16:02.106 -04:00 [INF] Request finished HTTP/2 GET https://localhost:9070/swagger/swagger-ui-standalone-preset.js - 200 76581 text/javascript 37.9649ms
2026-03-17 21:16:02.116 -04:00 [INF] Request finished HTTP/2 GET https://localhost:9070/swagger/swagger-ui-bundle.js - 200 417806 text/javascript 48.2773ms
2026-03-17 21:16:02.297 -04:00 [INF] Request starting HTTP/2 GET https://localhost:9070/swagger/v1/swagger.json - null null
2026-03-17 21:16:02.301 -04:00 [DBG] No candidates found for the request path '/swagger/v1/swagger.json'
2026-03-17 21:16:02.303 -04:00 [DBG] Request did not match any endpoints
2026-03-17 21:16:02.311 -04:00 [INF] Request starting HTTP/2 GET https://localhost:9070/swagger/favicon-32x32.png - null null
2026-03-17 21:16:02.315 -04:00 [DBG] Executing API description provider 'EndpointMetadataApiDescriptionProvider' from assembly Microsoft.AspNetCore.Mvc.ApiExplorer v10.0.0.0.
2026-03-17 21:16:02.315 -04:00 [DBG] No candidates found for the request path '/swagger/favicon-32x32.png'
2026-03-17 21:16:02.320 -04:00 [DBG] Executing API description provider 'DefaultApiDescriptionProvider' from assembly Microsoft.AspNetCore.Mvc.ApiExplorer v10.0.0.0.
2026-03-17 21:16:02.321 -04:00 [DBG] Request did not match any endpoints
2026-03-17 21:16:02.326 -04:00 [INF] Request finished HTTP/2 GET https://localhost:9070/swagger/favicon-32x32.png - 200 628 image/png 14.9791ms
2026-03-17 21:16:02.468 -04:00 [INF] Request finished HTTP/2 GET https://localhost:9070/swagger/v1/swagger.json - 200 null application/json;charset=utf-8 170.7128ms
2026-03-17 21:16:06.635 -04:00 [INF] Request starting HTTP/2 GET https://localhost:9070/api/Citizen - null null
2026-03-17 21:16:06.645 -04:00 [DBG] 1 candidate(s) found for the request path '/api/Citizen'
2026-03-17 21:16:06.647 -04:00 [DBG] Endpoint 'CitizenApi.Controllers.CitizenController.GetAll (CitizenApi)' with route pattern 'api/Citizen' is valid for the request path '/api/Citizen'
2026-03-17 21:16:06.650 -04:00 [DBG] Request matched endpoint 'CitizenApi.Controllers.CitizenController.GetAll (CitizenApi)'
2026-03-17 21:16:06.653 -04:00 [INF] Executing endpoint 'CitizenApi.Controllers.CitizenController.GetAll (CitizenApi)'
2026-03-17 21:16:06.664 -04:00 [INF] Route matched with {action = "GetAll", controller = "Citizen"}. Executing controller action with signature Microsoft.AspNetCore.Mvc.ActionResult`1[System.Collections.Generic.List`1[CitizenApi.Models.Citizen]] GetAll() on controller CitizenApi.Controllers.CitizenController (CitizenApi).
2026-03-17 21:16:06.668 -04:00 [DBG] Execution plan of authorization filters (in the following order): ["None"]
2026-03-17 21:16:06.670 -04:00 [DBG] Execution plan of resource filters (in the following order): ["None"]
2026-03-17 21:16:06.672 -04:00 [DBG] Execution plan of action filters (in the following order): ["Microsoft.AspNetCore.Mvc.ModelBinding.UnsupportedContentTypeFilter (Order: -3000)","Microsoft.AspNetCore.Mvc.Infrastructure.ModelStateInvalidFilter (Order: -2000)"]
2026-03-17 21:16:06.673 -04:00 [DBG] Execution plan of exception filters (in the following order): ["None"]
2026-03-17 21:16:06.676 -04:00 [DBG] Execution plan of result filters (in the following order): ["Microsoft.AspNetCore.Mvc.Infrastructure.ClientErrorResultFilter (Order: -2000)"]
2026-03-17 21:16:06.678 -04:00 [DBG] Executing controller factory for controller CitizenApi.Controllers.CitizenController (CitizenApi)
2026-03-17 21:16:06.680 -04:00 [DBG] Executed controller factory for controller CitizenApi.Controllers.CitizenController (CitizenApi)
2026-03-17 21:16:06.684 -04:00 [INF] Read 3 citizens from CSV
2026-03-17 21:16:06.686 -04:00 [INF] Returned all citizens
2026-03-17 21:16:06.687 -04:00 [DBG] List of registered output formatters, in the following order: ["Microsoft.AspNetCore.Mvc.Formatters.HttpNoContentOutputFormatter","Microsoft.AspNetCore.Mvc.Formatters.StringOutputFormatter","Microsoft.AspNetCore.Mvc.Formatters.StreamOutputFormatter","Microsoft.AspNetCore.Mvc.Formatters.SystemTextJsonOutputFormatter"]
2026-03-17 21:16:06.692 -04:00 [DBG] Attempting to select an output formatter based on Accept header '["text/plain"]'.
2026-03-17 21:16:06.696 -04:00 [DBG] Could not find an output formatter based on content negotiation. Accepted types were (["text/plain"])
2026-03-17 21:16:06.697 -04:00 [DBG] Attempting to select an output formatter without using a content type as no explicit content types were specified for the response.
2026-03-17 21:16:06.698 -04:00 [DBG] Attempting to select the first formatter in the output formatters list which can write the result.
2026-03-17 21:16:06.700 -04:00 [DBG] Selected output formatter 'Microsoft.AspNetCore.Mvc.Formatters.SystemTextJsonOutputFormatter' and content type 'application/json' to write the response.
2026-03-17 21:16:06.701 -04:00 [INF] Executing OkObjectResult, writing value of type 'System.Collections.Generic.List`1[[CitizenApi.Models.Citizen, CitizenApi, Version=1.0.0.0, Culture=neutral, PublicKeyToken=null]]'.
2026-03-17 21:16:06.719 -04:00 [INF] Executed action CitizenApi.Controllers.CitizenController.GetAll (CitizenApi) in 38.7936ms
2026-03-17 21:16:06.721 -04:00 [INF] Executed endpoint 'CitizenApi.Controllers.CitizenController.GetAll (CitizenApi)'
2026-03-17 21:16:06.722 -04:00 [INF] Request finished HTTP/2 GET https://localhost:9070/api/Citizen - 200 null application/json; charset=utf-8 87.1108ms
2026-03-17 21:16:16.854 -04:00 [INF] Request starting HTTP/2 DELETE https://localhost:9070/api/Citizen/678905 - null null
2026-03-17 21:16:16.860 -04:00 [DBG] 1 candidate(s) found for the request path '/api/Citizen/678905'
2026-03-17 21:16:16.861 -04:00 [DBG] Endpoint 'CitizenApi.Controllers.CitizenController.Delete (CitizenApi)' with route pattern 'api/Citizen/{ci}' is valid for the request path '/api/Citizen/678905'
2026-03-17 21:16:16.863 -04:00 [DBG] Request matched endpoint 'CitizenApi.Controllers.CitizenController.Delete (CitizenApi)'
2026-03-17 21:16:16.864 -04:00 [INF] Executing endpoint 'CitizenApi.Controllers.CitizenController.Delete (CitizenApi)'
2026-03-17 21:16:16.871 -04:00 [INF] Route matched with {action = "Delete", controller = "Citizen"}. Executing controller action with signature Microsoft.AspNetCore.Mvc.IActionResult Delete(System.String) on controller CitizenApi.Controllers.CitizenController (CitizenApi).
2026-03-17 21:16:16.874 -04:00 [DBG] Execution plan of authorization filters (in the following order): ["None"]
2026-03-17 21:16:16.876 -04:00 [DBG] Execution plan of resource filters (in the following order): ["None"]
2026-03-17 21:16:16.878 -04:00 [DBG] Execution plan of action filters (in the following order): ["Microsoft.AspNetCore.Mvc.ModelBinding.UnsupportedContentTypeFilter (Order: -3000)","Microsoft.AspNetCore.Mvc.Infrastructure.ModelStateInvalidFilter (Order: -2000)"]
2026-03-17 21:16:16.880 -04:00 [DBG] Execution plan of exception filters (in the following order): ["None"]
2026-03-17 21:16:16.881 -04:00 [DBG] Execution plan of result filters (in the following order): ["Microsoft.AspNetCore.Mvc.Infrastructure.ClientErrorResultFilter (Order: -2000)"]
2026-03-17 21:16:16.883 -04:00 [DBG] Executing controller factory for controller CitizenApi.Controllers.CitizenController (CitizenApi)
2026-03-17 21:16:16.885 -04:00 [DBG] Executed controller factory for controller CitizenApi.Controllers.CitizenController (CitizenApi)
2026-03-17 21:16:16.890 -04:00 [DBG] Attempting to bind parameter 'ci' of type 'System.String' ...
2026-03-17 21:16:16.893 -04:00 [DBG] Attempting to bind parameter 'ci' of type 'System.String' using the name 'ci' in request data ...
2026-03-17 21:16:16.895 -04:00 [DBG] Done attempting to bind parameter 'ci' of type 'System.String'.
2026-03-17 21:16:16.896 -04:00 [DBG] Done attempting to bind parameter 'ci' of type 'System.String'.
2026-03-17 21:16:16.898 -04:00 [DBG] Attempting to validate the bound parameter 'ci' of type 'System.String' ...
2026-03-17 21:16:16.903 -04:00 [DBG] Done attempting to validate the bound parameter 'ci' of type 'System.String'.
2026-03-17 21:16:16.906 -04:00 [INF] Read 3 citizens from CSV
2026-03-17 21:16:16.909 -04:00 [INF] Saved 2 citizens to CSV
2026-03-17 21:16:16.911 -04:00 [INF] Citizen deleted with CI 678905
2026-03-17 21:16:16.912 -04:00 [DBG] List of registered output formatters, in the following order: ["Microsoft.AspNetCore.Mvc.Formatters.HttpNoContentOutputFormatter","Microsoft.AspNetCore.Mvc.Formatters.StringOutputFormatter","Microsoft.AspNetCore.Mvc.Formatters.StreamOutputFormatter","Microsoft.AspNetCore.Mvc.Formatters.SystemTextJsonOutputFormatter"]
2026-03-17 21:16:16.914 -04:00 [DBG] No information found on request to perform content negotiation.
2026-03-17 21:16:16.914 -04:00 [DBG] Attempting to select an output formatter without using a content type as no explicit content types were specified for the response.
2026-03-17 21:16:16.915 -04:00 [DBG] Attempting to select the first formatter in the output formatters list which can write the result.
2026-03-17 21:16:16.916 -04:00 [DBG] Selected output formatter 'Microsoft.AspNetCore.Mvc.Formatters.StringOutputFormatter' and content type 'text/plain' to write the response.
2026-03-17 21:16:16.917 -04:00 [INF] Executing OkObjectResult, writing value of type 'System.String'.
2026-03-17 21:16:16.918 -04:00 [INF] Executed action CitizenApi.Controllers.CitizenController.Delete (CitizenApi) in 35.248ms
2026-03-17 21:16:16.921 -04:00 [INF] Executed endpoint 'CitizenApi.Controllers.CitizenController.Delete (CitizenApi)'
2026-03-17 21:16:16.922 -04:00 [INF] Request finished HTTP/2 DELETE https://localhost:9070/api/Citizen/678905 - 200 null text/plain; charset=utf-8 68.6761ms
2026-03-17 21:16:27.527 -04:00 [INF] Request starting HTTP/2 GET https://localhost:9070/api/Citizen - null null
2026-03-17 21:16:27.534 -04:00 [DBG] 1 candidate(s) found for the request path '/api/Citizen'
2026-03-17 21:16:27.536 -04:00 [DBG] Endpoint 'CitizenApi.Controllers.CitizenController.GetAll (CitizenApi)' with route pattern 'api/Citizen' is valid for the request path '/api/Citizen'
2026-03-17 21:16:27.539 -04:00 [DBG] Request matched endpoint 'CitizenApi.Controllers.CitizenController.GetAll (CitizenApi)'
2026-03-17 21:16:27.541 -04:00 [INF] Executing endpoint 'CitizenApi.Controllers.CitizenController.GetAll (CitizenApi)'
2026-03-17 21:16:27.544 -04:00 [INF] Route matched with {action = "GetAll", controller = "Citizen"}. Executing controller action with signature Microsoft.AspNetCore.Mvc.ActionResult`1[System.Collections.Generic.List`1[CitizenApi.Models.Citizen]] GetAll() on controller CitizenApi.Controllers.CitizenController (CitizenApi).
2026-03-17 21:16:27.547 -04:00 [DBG] Execution plan of authorization filters (in the following order): ["None"]
2026-03-17 21:16:27.548 -04:00 [DBG] Execution plan of resource filters (in the following order): ["None"]
2026-03-17 21:16:27.550 -04:00 [DBG] Execution plan of action filters (in the following order): ["Microsoft.AspNetCore.Mvc.ModelBinding.UnsupportedContentTypeFilter (Order: -3000)","Microsoft.AspNetCore.Mvc.Infrastructure.ModelStateInvalidFilter (Order: -2000)"]
2026-03-17 21:16:27.552 -04:00 [DBG] Execution plan of exception filters (in the following order): ["None"]
2026-03-17 21:16:27.554 -04:00 [DBG] Execution plan of result filters (in the following order): ["Microsoft.AspNetCore.Mvc.Infrastructure.ClientErrorResultFilter (Order: -2000)"]
2026-03-17 21:16:27.555 -04:00 [DBG] Executing controller factory for controller CitizenApi.Controllers.CitizenController (CitizenApi)
2026-03-17 21:16:27.558 -04:00 [DBG] Executed controller factory for controller CitizenApi.Controllers.CitizenController (CitizenApi)
2026-03-17 21:16:27.560 -04:00 [INF] Read 2 citizens from CSV
2026-03-17 21:16:27.561 -04:00 [INF] Returned all citizens
2026-03-17 21:16:27.562 -04:00 [DBG] List of registered output formatters, in the following order: ["Microsoft.AspNetCore.Mvc.Formatters.HttpNoContentOutputFormatter","Microsoft.AspNetCore.Mvc.Formatters.StringOutputFormatter","Microsoft.AspNetCore.Mvc.Formatters.StreamOutputFormatter","Microsoft.AspNetCore.Mvc.Formatters.SystemTextJsonOutputFormatter"]
2026-03-17 21:16:27.564 -04:00 [DBG] Attempting to select an output formatter based on Accept header '["text/plain"]'.
2026-03-17 21:16:27.567 -04:00 [DBG] Could not find an output formatter based on content negotiation. Accepted types were (["text/plain"])
2026-03-17 21:16:27.569 -04:00 [DBG] Attempting to select an output formatter without using a content type as no explicit content types were specified for the response.
2026-03-17 21:16:27.570 -04:00 [DBG] Attempting to select the first formatter in the output formatters list which can write the result.
2026-03-17 21:16:27.571 -04:00 [DBG] Selected output formatter 'Microsoft.AspNetCore.Mvc.Formatters.SystemTextJsonOutputFormatter' and content type 'application/json' to write the response.
2026-03-17 21:16:27.572 -04:00 [INF] Executing OkObjectResult, writing value of type 'System.Collections.Generic.List`1[[CitizenApi.Models.Citizen, CitizenApi, Version=1.0.0.0, Culture=neutral, PublicKeyToken=null]]'.
2026-03-17 21:16:27.575 -04:00 [INF] Executed action CitizenApi.Controllers.CitizenController.GetAll (CitizenApi) in 19.6827ms
2026-03-17 21:16:27.577 -04:00 [INF] Executed endpoint 'CitizenApi.Controllers.CitizenController.GetAll (CitizenApi)'
2026-03-17 21:16:27.578 -04:00 [INF] Request finished HTTP/2 GET https://localhost:9070/api/Citizen - 200 null application/json; charset=utf-8 51.7105ms
2026-03-17 21:16:58.976 -04:00 [INF] Request starting HTTP/2 POST https://localhost:9070/api/Citizen - application/json 73
2026-03-17 21:16:58.979 -04:00 [DBG] 1 candidate(s) found for the request path '/api/Citizen'
2026-03-17 21:16:58.979 -04:00 [DBG] Endpoint 'CitizenApi.Controllers.CitizenController.Create (CitizenApi)' with route pattern 'api/Citizen' is valid for the request path '/api/Citizen'
2026-03-17 21:16:58.981 -04:00 [DBG] Request matched endpoint 'CitizenApi.Controllers.CitizenController.Create (CitizenApi)'
2026-03-17 21:16:58.982 -04:00 [INF] Executing endpoint 'CitizenApi.Controllers.CitizenController.Create (CitizenApi)'
2026-03-17 21:16:58.990 -04:00 [INF] Route matched with {action = "Create", controller = "Citizen"}. Executing controller action with signature System.Threading.Tasks.Task`1[Microsoft.AspNetCore.Mvc.ActionResult`1[CitizenApi.Models.Citizen]] Create(CitizenApi.Models.CreateCitizenRequest) on controller CitizenApi.Controllers.CitizenController (CitizenApi).
2026-03-17 21:16:58.992 -04:00 [DBG] Execution plan of authorization filters (in the following order): ["None"]
2026-03-17 21:16:58.993 -04:00 [DBG] Execution plan of resource filters (in the following order): ["None"]
2026-03-17 21:16:58.994 -04:00 [DBG] Execution plan of action filters (in the following order): ["Microsoft.AspNetCore.Mvc.ModelBinding.UnsupportedContentTypeFilter (Order: -3000)","Microsoft.AspNetCore.Mvc.Infrastructure.ModelStateInvalidFilter (Order: -2000)"]
2026-03-17 21:16:58.996 -04:00 [DBG] Execution plan of exception filters (in the following order): ["None"]
2026-03-17 21:16:58.997 -04:00 [DBG] Execution plan of result filters (in the following order): ["Microsoft.AspNetCore.Mvc.Infrastructure.ClientErrorResultFilter (Order: -2000)"]
2026-03-17 21:16:58.998 -04:00 [DBG] Executing controller factory for controller CitizenApi.Controllers.CitizenController (CitizenApi)
2026-03-17 21:16:58.999 -04:00 [DBG] Executed controller factory for controller CitizenApi.Controllers.CitizenController (CitizenApi)
2026-03-17 21:16:59.000 -04:00 [DBG] Attempting to bind parameter 'request' of type 'CitizenApi.Models.CreateCitizenRequest' ...
2026-03-17 21:16:59.001 -04:00 [DBG] Attempting to bind parameter 'request' of type 'CitizenApi.Models.CreateCitizenRequest' using the name '' in request data ...
2026-03-17 21:16:59.003 -04:00 [DBG] Selected input formatter 'Microsoft.AspNetCore.Mvc.Formatters.SystemTextJsonInputFormatter' for content type 'application/json'.
2026-03-17 21:16:59.007 -04:00 [DBG] Connection id "0HNK4HFLMFBUT", Request id "0HNK4HFLMFBUT:00000017": started reading request body.
2026-03-17 21:16:59.008 -04:00 [DBG] Connection id "0HNK4HFLMFBUT", Request id "0HNK4HFLMFBUT:00000017": done reading request body.
2026-03-17 21:16:59.013 -04:00 [DBG] JSON input formatter succeeded, deserializing to type 'CitizenApi.Models.CreateCitizenRequest'
2026-03-17 21:16:59.014 -04:00 [DBG] Done attempting to bind parameter 'request' of type 'CitizenApi.Models.CreateCitizenRequest'.
2026-03-17 21:16:59.016 -04:00 [DBG] Done attempting to bind parameter 'request' of type 'CitizenApi.Models.CreateCitizenRequest'.
2026-03-17 21:16:59.017 -04:00 [DBG] Attempting to validate the bound parameter 'request' of type 'CitizenApi.Models.CreateCitizenRequest' ...
2026-03-17 21:16:59.021 -04:00 [DBG] Done attempting to validate the bound parameter 'request' of type 'CitizenApi.Models.CreateCitizenRequest'.
2026-03-17 21:16:59.024 -04:00 [INF] Read 2 citizens from CSV
2026-03-17 21:16:59.027 -04:00 [INF] Calling external API: https://api.restful-api.dev/objects
2026-03-17 21:16:59.032 -04:00 [INF] Start processing HTTP request GET https://api.restful-api.dev/objects
2026-03-17 21:16:59.035 -04:00 [INF] Sending HTTP request GET https://api.restful-api.dev/objects
2026-03-17 21:16:59.832 -04:00 [INF] Received HTTP response headers after 795.0477ms - 200
2026-03-17 21:16:59.833 -04:00 [INF] End processing HTTP request after 802.4295ms - 200
2026-03-17 21:16:59.838 -04:00 [INF] Selected personal asset: Google Pixel 6 Pro
2026-03-17 21:16:59.839 -04:00 [INF] Saved 3 citizens to CSV
2026-03-17 21:16:59.841 -04:00 [INF] Citizen created with CI 12345678
2026-03-17 21:16:59.843 -04:00 [DBG] List of registered output formatters, in the following order: ["Microsoft.AspNetCore.Mvc.Formatters.HttpNoContentOutputFormatter","Microsoft.AspNetCore.Mvc.Formatters.StringOutputFormatter","Microsoft.AspNetCore.Mvc.Formatters.StreamOutputFormatter","Microsoft.AspNetCore.Mvc.Formatters.SystemTextJsonOutputFormatter"]
2026-03-17 21:16:59.845 -04:00 [DBG] Attempting to select an output formatter based on Accept header '["text/plain"]'.
2026-03-17 21:16:59.846 -04:00 [DBG] Could not find an output formatter based on content negotiation. Accepted types were (["text/plain"])
2026-03-17 21:16:59.846 -04:00 [DBG] Attempting to select an output formatter without using a content type as no explicit content types were specified for the response.
2026-03-17 21:16:59.847 -04:00 [DBG] Attempting to select the first formatter in the output formatters list which can write the result.
2026-03-17 21:16:59.847 -04:00 [DBG] Selected output formatter 'Microsoft.AspNetCore.Mvc.Formatters.SystemTextJsonOutputFormatter' and content type 'application/json' to write the response.
2026-03-17 21:16:59.848 -04:00 [INF] Executing CreatedAtActionResult, writing value of type 'CitizenApi.Models.Citizen'.
2026-03-17 21:16:59.858 -04:00 [DBG] Found the endpoints ["CitizenApi.Controllers.CitizenController.GetByCi (CitizenApi)"] for address (ci=[12345678],action=[GetByCi],controller=[Citizen])
2026-03-17 21:16:59.860 -04:00 [DBG] Successfully processed template api/Citizen/{ci} for CitizenApi.Controllers.CitizenController.GetByCi (CitizenApi) resulting in /api/Citizen/12345678 and 
2026-03-17 21:16:59.861 -04:00 [DBG] Link generation succeeded for endpoints ["CitizenApi.Controllers.CitizenController.GetByCi (CitizenApi)"] with result /api/Citizen/12345678
2026-03-17 21:16:59.862 -04:00 [INF] Executed action CitizenApi.Controllers.CitizenController.Create (CitizenApi) in 864.6329ms
2026-03-17 21:16:59.864 -04:00 [INF] Executed endpoint 'CitizenApi.Controllers.CitizenController.Create (CitizenApi)'
2026-03-17 21:16:59.865 -04:00 [INF] Request finished HTTP/2 POST https://localhost:9070/api/Citizen - 201 null application/json; charset=utf-8 888.458ms
2026-03-17 21:17:07.728 -04:00 [INF] Request starting HTTP/2 GET https://localhost:9070/api/Citizen - null null
2026-03-17 21:17:07.731 -04:00 [DBG] 1 candidate(s) found for the request path '/api/Citizen'
2026-03-17 21:17:07.733 -04:00 [DBG] Endpoint 'CitizenApi.Controllers.CitizenController.GetAll (CitizenApi)' with route pattern 'api/Citizen' is valid for the request path '/api/Citizen'
2026-03-17 21:17:07.735 -04:00 [DBG] Request matched endpoint 'CitizenApi.Controllers.CitizenController.GetAll (CitizenApi)'
2026-03-17 21:17:07.737 -04:00 [INF] Executing endpoint 'CitizenApi.Controllers.CitizenController.GetAll (CitizenApi)'
2026-03-17 21:17:07.738 -04:00 [INF] Route matched with {action = "GetAll", controller = "Citizen"}. Executing controller action with signature Microsoft.AspNetCore.Mvc.ActionResult`1[System.Collections.Generic.List`1[CitizenApi.Models.Citizen]] GetAll() on controller CitizenApi.Controllers.CitizenController (CitizenApi).
2026-03-17 21:17:07.739 -04:00 [DBG] Execution plan of authorization filters (in the following order): ["None"]
2026-03-17 21:17:07.741 -04:00 [DBG] Execution plan of resource filters (in the following order): ["None"]
2026-03-17 21:17:07.742 -04:00 [DBG] Execution plan of action filters (in the following order): ["Microsoft.AspNetCore.Mvc.ModelBinding.UnsupportedContentTypeFilter (Order: -3000)","Microsoft.AspNetCore.Mvc.Infrastructure.ModelStateInvalidFilter (Order: -2000)"]
2026-03-17 21:17:07.744 -04:00 [DBG] Execution plan of exception filters (in the following order): ["None"]
2026-03-17 21:17:07.745 -04:00 [DBG] Execution plan of result filters (in the following order): ["Microsoft.AspNetCore.Mvc.Infrastructure.ClientErrorResultFilter (Order: -2000)"]
2026-03-17 21:17:07.747 -04:00 [DBG] Executing controller factory for controller CitizenApi.Controllers.CitizenController (CitizenApi)
2026-03-17 21:17:07.748 -04:00 [DBG] Executed controller factory for controller CitizenApi.Controllers.CitizenController (CitizenApi)
2026-03-17 21:17:07.750 -04:00 [INF] Read 3 citizens from CSV
2026-03-17 21:17:07.751 -04:00 [INF] Returned all citizens
2026-03-17 21:17:07.751 -04:00 [DBG] List of registered output formatters, in the following order: ["Microsoft.AspNetCore.Mvc.Formatters.HttpNoContentOutputFormatter","Microsoft.AspNetCore.Mvc.Formatters.StringOutputFormatter","Microsoft.AspNetCore.Mvc.Formatters.StreamOutputFormatter","Microsoft.AspNetCore.Mvc.Formatters.SystemTextJsonOutputFormatter"]
2026-03-17 21:17:07.753 -04:00 [DBG] Attempting to select an output formatter based on Accept header '["text/plain"]'.
2026-03-17 21:17:07.753 -04:00 [DBG] Could not find an output formatter based on content negotiation. Accepted types were (["text/plain"])
2026-03-17 21:17:07.754 -04:00 [DBG] Attempting to select an output formatter without using a content type as no explicit content types were specified for the response.
2026-03-17 21:17:07.755 -04:00 [DBG] Attempting to select the first formatter in the output formatters list which can write the result.
2026-03-17 21:17:07.755 -04:00 [DBG] Selected output formatter 'Microsoft.AspNetCore.Mvc.Formatters.SystemTextJsonOutputFormatter' and content type 'application/json' to write the response.
2026-03-17 21:17:07.756 -04:00 [INF] Executing OkObjectResult, writing value of type 'System.Collections.Generic.List`1[[CitizenApi.Models.Citizen, CitizenApi, Version=1.0.0.0, Culture=neutral, PublicKeyToken=null]]'.
2026-03-17 21:17:07.758 -04:00 [INF] Executed action CitizenApi.Controllers.CitizenController.GetAll (CitizenApi) in 11.6825ms
2026-03-17 21:17:07.760 -04:00 [INF] Executed endpoint 'CitizenApi.Controllers.CitizenController.GetAll (CitizenApi)'
2026-03-17 21:17:07.762 -04:00 [INF] Request finished HTTP/2 GET https://localhost:9070/api/Citizen - 200 null application/json; charset=utf-8 33.3225ms
2026-03-17 21:18:59.032 -04:00 [DBG] HttpMessageHandler expired after 120000ms for client ''
2026-03-17 21:19:09.055 -04:00 [DBG] Starting HttpMessageHandler cleanup cycle with 1 items
2026-03-17 21:19:09.057 -04:00 [DBG] Ending HttpMessageHandler cleanup cycle after 0.0155ms - processed: 0 items - remaining: 1 items
2026-03-17 21:19:19.061 -04:00 [DBG] Starting HttpMessageHandler cleanup cycle with 1 items
2026-03-17 21:19:19.062 -04:00 [DBG] Ending HttpMessageHandler cleanup cycle after 0.0027ms - processed: 0 items - remaining: 1 items
2026-03-17 21:19:20.122 -04:00 [DBG] Connection id "0HNK4HFLMFBUT" is closing.
2026-03-17 21:19:20.126 -04:00 [DBG] Connection id "0HNK4HFLMFBUT" is closed. The last processed stream ID was 25.
2026-03-17 21:19:20.128 -04:00 [DBG] Connection id "0HNK4HFLMFBUT" received FIN.
2026-03-17 21:19:20.128 -04:00 [DBG] The connection queue processing loop for 0HNK4HFLMFBUT completed.
2026-03-17 21:19:20.130 -04:00 [DBG] Connection id "0HNK4HFLMFBUT" sending FIN because: "The Socket transport's send loop completed gracefully."
2026-03-17 21:19:20.146 -04:00 [DBG] Connection id "0HNK4HFLMFBUT" stopped.
2026-03-17 21:19:29.061 -04:00 [DBG] Starting HttpMessageHandler cleanup cycle with 1 items
2026-03-17 21:19:29.061 -04:00 [DBG] Ending HttpMessageHandler cleanup cycle after 0.0028ms - processed: 0 items - remaining: 1 items
2026-03-17 21:19:39.078 -04:00 [DBG] Starting HttpMessageHandler cleanup cycle with 1 items
2026-03-17 21:19:39.080 -04:00 [DBG] Ending HttpMessageHandler cleanup cycle after 0.0034ms - processed: 0 items - remaining: 1 items
2026-03-17 21:19:49.094 -04:00 [DBG] Starting HttpMessageHandler cleanup cycle with 1 items
2026-03-17 21:19:49.096 -04:00 [DBG] Ending HttpMessageHandler cleanup cycle after 0.0049ms - processed: 0 items - remaining: 1 items
2026-03-17 21:19:59.104 -04:00 [DBG] Starting HttpMessageHandler cleanup cycle with 1 items
2026-03-17 21:19:59.105 -04:00 [DBG] Ending HttpMessageHandler cleanup cycle after 0.2063ms - processed: 1 items - remaining: 0 items
2026-03-17 21:24:21.354 -04:00 [DBG] Config reload token fired. Checking for changes...
2026-03-17 21:24:21.356 -04:00 [DBG] Middleware configuration started with options: {AllowedHosts = *, AllowEmptyHosts = True, IncludeFailureMessage = True}
2026-03-17 21:24:21.356 -04:00 [DBG] Wildcard detected, all requests with hosts will be allowed.
2026-03-17 21:24:39.347 -04:00 [INF] Application is shutting down...
2026-03-17 21:24:57.056 -04:00 [WRN] The ASP.NET Core developer certificate is not trusted. For information about trusting the ASP.NET Core developer certificate, see https://aka.ms/aspnet/https-trust-dev-cert
2026-03-17 21:26:00.028 -04:00 [INF] Read 3 citizens from CSV
2026-03-17 21:26:00.035 -04:00 [INF] Calling external API: https://api.restful-api.dev/objects
2026-03-17 21:26:02.793 -04:00 [INF] Selected personal asset: Apple iPad Mini 5th Gen
2026-03-17 21:26:02.795 -04:00 [INF] Saved 4 citizens to CSV
2026-03-17 21:26:02.796 -04:00 [INF] Citizen created with CI 2025
2026-03-17 21:26:02.810 -04:00 [INF] HTTP POST /api/Citizen responded 201 in 2820.0445 ms
2026-03-17 21:26:18.062 -04:00 [INF] Read 4 citizens from CSV
2026-03-17 21:26:18.063 -04:00 [INF] Returned all citizens
2026-03-17 21:26:18.065 -04:00 [INF] HTTP GET /api/Citizen responded 200 in 15.1013 ms
2026-03-17 21:26:44.860 -04:00 [INF] Read 4 citizens from CSV
2026-03-17 21:26:44.862 -04:00 [INF] Returned citizen with CI 2025
2026-03-17 21:26:44.864 -04:00 [INF] HTTP GET /api/Citizen/2025 responded 200 in 9.8283 ms
2026-03-17 21:27:12.415 -04:00 [INF] Read 4 citizens from CSV
2026-03-17 21:27:12.418 -04:00 [INF] Saved 4 citizens to CSV
2026-03-17 21:27:12.420 -04:00 [INF] Citizen updated with CI 2025
2026-03-17 21:27:12.421 -04:00 [INF] HTTP PUT /api/Citizen/2025 responded 200 in 10.7562 ms
2026-03-17 21:27:21.172 -04:00 [INF] Read 4 citizens from CSV
2026-03-17 21:27:21.174 -04:00 [INF] Returned all citizens
2026-03-17 21:27:21.176 -04:00 [INF] HTTP GET /api/Citizen responded 200 in 4.3738 ms
2026-03-17 21:27:38.008 -04:00 [INF] Read 4 citizens from CSV
2026-03-17 21:27:38.010 -04:00 [INF] Saved 3 citizens to CSV
2026-03-17 21:27:38.011 -04:00 [INF] Citizen deleted with CI 2025
2026-03-17 21:27:38.012 -04:00 [INF] HTTP DELETE /api/Citizen/2025 responded 200 in 6.1021 ms
2026-03-17 21:33:50.932 -04:00 [WRN] The ASP.NET Core developer certificate is not trusted. For information about trusting the ASP.NET Core developer certificate, see https://aka.ms/aspnet/https-trust-dev-cert
2026-03-17 21:33:50.976 -04:00 [INF] Now listening on: https://localhost:9070
2026-03-17 21:33:50.978 -04:00 [INF] Application started. Press Ctrl+C to shut down.
2026-03-17 21:33:50.979 -04:00 [INF] Hosting environment: Development
2026-03-17 21:33:50.980 -04:00 [INF] Content root path: C:\TEMP\2daPracticaCerti\CitizenApi
2026-03-17 21:34:09.513 -04:00 [INF] Read 3 citizens from CSV
2026-03-17 21:34:09.521 -04:00 [INF] Calling external API: https://api.restful-api.dev/objects
2026-03-17 21:34:10.873 -04:00 [INF] Selected personal asset: Beats Studio3 Wireless
2026-03-17 21:34:10.877 -04:00 [INF] Saved 4 citizens to CSV
2026-03-17 21:34:10.878 -04:00 [INF] Citizen created with CI string
2026-03-17 21:34:10.896 -04:00 [INF] HTTP POST /api/Citizen responded 201 in 1445.7553 ms
2026-03-17 21:34:24.505 -04:00 [INF] Read 4 citizens from CSV
2026-03-17 21:34:24.507 -04:00 [INF] Returned all citizens
2026-03-17 21:34:24.510 -04:00 [INF] HTTP GET /api/Citizen responded 200 in 8.4420 ms
2026-03-17 21:34:33.858 -04:00 [INF] Read 4 citizens from CSV
2026-03-17 21:34:33.859 -04:00 [INF] Returned citizen with CI string
2026-03-17 21:34:33.860 -04:00 [INF] HTTP GET /api/Citizen/string responded 200 in 9.4086 ms
2026-03-17 21:34:50.319 -04:00 [INF] Read 4 citizens from CSV
2026-03-17 21:34:50.321 -04:00 [INF] Saved 4 citizens to CSV
2026-03-17 21:34:50.322 -04:00 [INF] Citizen updated with CI string
2026-03-17 21:34:50.324 -04:00 [INF] HTTP PUT /api/Citizen/string responded 200 in 12.1723 ms
2026-03-17 21:35:03.320 -04:00 [INF] Read 4 citizens from CSV
2026-03-17 21:35:03.324 -04:00 [INF] Returned all citizens
2026-03-17 21:35:03.326 -04:00 [INF] HTTP GET /api/Citizen responded 200 in 6.2670 ms
2026-03-17 21:35:12.543 -04:00 [INF] Read 4 citizens from CSV
2026-03-17 21:35:12.545 -04:00 [WRN] Citizen not found for delete with CI C
2026-03-17 21:35:12.547 -04:00 [INF] HTTP DELETE /api/Citizen/C responded 404 in 8.4552 ms
2026-03-17 21:35:23.056 -04:00 [INF] Read 4 citizens from CSV
2026-03-17 21:35:23.057 -04:00 [INF] Saved 3 citizens to CSV
2026-03-17 21:35:23.059 -04:00 [INF] Citizen deleted with CI string
2026-03-17 21:35:23.060 -04:00 [INF] HTTP DELETE /api/Citizen/string responded 200 in 4.5704 ms
2026-03-17 21:35:35.376 -04:00 [INF] Read 3 citizens from CSV
2026-03-17 21:35:35.377 -04:00 [INF] Returned all citizens
2026-03-17 21:35:35.379 -04:00 [INF] HTTP GET /api/Citizen responded 200 in 3.3529 ms
2026-03-17 21:35:51.161 -04:00 [INF] Read 3 citizens from CSV
2026-03-17 21:35:51.167 -04:00 [INF] Saved 2 citizens to CSV
2026-03-17 21:35:51.170 -04:00 [INF] Citizen deleted with CI 12345678
2026-03-17 21:35:51.171 -04:00 [INF] HTTP DELETE /api/Citizen/12345678 responded 200 in 10.8175 ms
2026-03-17 21:35:53.720 -04:00 [INF] Read 2 citizens from CSV
2026-03-17 21:35:53.721 -04:00 [INF] Returned all citizens
2026-03-17 21:35:53.722 -04:00 [INF] HTTP GET /api/Citizen responded 200 in 2.5682 ms
2026-03-17 21:36:00.365 -04:00 [INF] Read 2 citizens from CSV
2026-03-17 21:36:00.369 -04:00 [INF] Saved 1 citizens to CSV
2026-03-17 21:36:00.371 -04:00 [INF] Citizen deleted with CI 246810
2026-03-17 21:36:00.372 -04:00 [INF] HTTP DELETE /api/Citizen/246810 responded 200 in 7.9600 ms
2026-03-17 21:36:04.314 -04:00 [INF] Read 1 citizens from CSV
2026-03-17 21:36:04.317 -04:00 [INF] Returned all citizens
2026-03-17 21:36:04.319 -04:00 [INF] HTTP GET /api/Citizen responded 200 in 6.2578 ms
2026-03-17 21:36:11.927 -04:00 [INF] Read 1 citizens from CSV
2026-03-17 21:36:11.931 -04:00 [INF] Saved 0 citizens to CSV
2026-03-17 21:36:11.932 -04:00 [INF] Citizen deleted with CI 123456
2026-03-17 21:36:11.934 -04:00 [INF] HTTP DELETE /api/Citizen/123456 responded 200 in 7.3742 ms
2026-03-17 21:36:18.862 -04:00 [INF] Read 0 citizens from CSV
2026-03-17 21:36:18.865 -04:00 [INF] Returned all citizens
2026-03-17 21:36:18.867 -04:00 [INF] HTTP GET /api/Citizen responded 200 in 5.3906 ms
2026-03-17 21:36:26.149 -04:00 [INF] Read 0 citizens from CSV
2026-03-17 21:36:26.153 -04:00 [INF] Calling external API: https://api.restful-api.dev/objects
2026-03-17 21:36:27.801 -04:00 [INF] Selected personal asset: Apple iPad Mini 5th Gen
2026-03-17 21:36:27.803 -04:00 [INF] Saved 1 citizens to CSV
2026-03-17 21:36:27.803 -04:00 [INF] Citizen created with CI string
2026-03-17 21:36:27.804 -04:00 [INF] HTTP POST /api/Citizen responded 201 in 1655.5197 ms
2026-03-17 21:36:32.315 -04:00 [INF] Application is shutting down...
2026-03-17 21:36:46.331 -04:00 [WRN] The ASP.NET Core developer certificate is not trusted. For information about trusting the ASP.NET Core developer certificate, see https://aka.ms/aspnet/https-trust-dev-cert
2026-03-17 21:36:46.371 -04:00 [INF] Now listening on: https://localhost:9070
2026-03-17 21:36:46.373 -04:00 [INF] Application started. Press Ctrl+C to shut down.
2026-03-17 21:36:46.374 -04:00 [INF] Hosting environment: Development
2026-03-17 21:36:46.375 -04:00 [INF] Content root path: C:\TEMP\2daPracticaCerti\CitizenApi
2026-03-17 21:36:51.913 -04:00 [INF] Read 1 citizens from CSV
2026-03-17 21:36:51.920 -04:00 [INF] Returned all citizens
2026-03-17 21:36:51.942 -04:00 [INF] HTTP GET /api/Citizen responded 200 in 40.1690 ms
2026-03-17 21:37:01.901 -04:00 [INF] Read 1 citizens from CSV
2026-03-17 21:37:01.904 -04:00 [INF] Saved 0 citizens to CSV
2026-03-17 21:37:01.905 -04:00 [INF] Citizen deleted with CI string
2026-03-17 21:37:01.906 -04:00 [INF] HTTP DELETE /api/Citizen/string responded 200 in 22.1177 ms
2026-03-17 21:37:08.801 -04:00 [INF] Read 0 citizens from CSV
2026-03-17 21:37:08.804 -04:00 [INF] Returned all citizens
2026-03-17 21:37:08.806 -04:00 [INF] HTTP GET /api/Citizen responded 200 in 7.2549 ms
2026-03-17 21:37:12.994 -04:00 [INF] Application is shutting down...
2026-03-17 21:47:13.549 -04:00 [WRN] The ASP.NET Core developer certificate is not trusted. For information about trusting the ASP.NET Core developer certificate, see https://aka.ms/aspnet/https-trust-dev-cert
2026-03-17 21:47:13.589 -04:00 [INF] Now listening on: https://localhost:9070
2026-03-17 21:47:13.591 -04:00 [INF] Application started. Press Ctrl+C to shut down.
2026-03-17 21:47:13.592 -04:00 [INF] Hosting environment: Development
2026-03-17 21:47:13.592 -04:00 [INF] Content root path: C:\TEMP\2daPracticaCerti\CitizenApi
2026-03-17 21:47:21.896 -04:00 [INF] Read 0 citizens from CSV
2026-03-17 21:47:21.900 -04:00 [INF] Returned all citizens
2026-03-17 21:47:21.913 -04:00 [INF] HTTP GET /api/Citizen responded 200 in 31.6936 ms
2026-03-17 21:47:45.776 -04:00 [INF] Read 0 citizens from CSV
2026-03-17 21:47:45.778 -04:00 [INF] Calling external API: https://api.restful-api.dev/objects
2026-03-17 21:47:49.039 -04:00 [INF] Selected personal asset: Samsung Galaxy Z Fold2
2026-03-17 21:47:49.041 -04:00 [INF] Saved 1 citizens to CSV
2026-03-17 21:47:49.042 -04:00 [INF] Citizen created with CI 12345
2026-03-17 21:47:49.052 -04:00 [INF] HTTP POST /api/Citizen responded 201 in 3312.4321 ms
2026-03-17 21:47:56.006 -04:00 [INF] Read 1 citizens from CSV
2026-03-17 21:47:56.007 -04:00 [INF] Returned all citizens
2026-03-17 21:47:56.008 -04:00 [INF] HTTP GET /api/Citizen responded 200 in 3.7897 ms
2026-03-17 21:48:13.967 -04:00 [INF] Read 1 citizens from CSV
2026-03-17 21:48:13.969 -04:00 [INF] Returned citizen with CI 12345
2026-03-17 21:48:13.970 -04:00 [INF] HTTP GET /api/Citizen/12345 responded 200 in 8.1357 ms
2026-03-17 21:48:40.648 -04:00 [INF] Read 1 citizens from CSV
2026-03-17 21:48:40.650 -04:00 [INF] Saved 1 citizens to CSV
2026-03-17 21:48:40.651 -04:00 [INF] Citizen updated with CI 12345
2026-03-17 21:48:40.652 -04:00 [INF] HTTP PUT /api/Citizen/12345 responded 200 in 8.7746 ms
2026-03-17 21:48:45.167 -04:00 [INF] Read 1 citizens from CSV
2026-03-17 21:48:45.169 -04:00 [INF] Returned all citizens
2026-03-17 21:48:45.170 -04:00 [INF] HTTP GET /api/Citizen responded 200 in 3.1663 ms
2026-03-17 21:49:02.525 -04:00 [INF] Application is shutting down...
2026-03-17 21:49:11.023 -04:00 [WRN] The ASP.NET Core developer certificate is not trusted. For information about trusting the ASP.NET Core developer certificate, see https://aka.ms/aspnet/https-trust-dev-cert
2026-03-17 21:49:11.056 -04:00 [INF] Now listening on: https://localhost:9070
2026-03-17 21:49:11.058 -04:00 [INF] Application started. Press Ctrl+C to shut down.
2026-03-17 21:49:11.059 -04:00 [INF] Hosting environment: Development
2026-03-17 21:49:11.059 -04:00 [INF] Content root path: C:\TEMP\2daPracticaCerti\CitizenApi
2026-03-17 21:49:18.597 -04:00 [INF] Read 1 citizens from CSV
2026-03-17 21:49:18.603 -04:00 [INF] Returned all citizens
2026-03-17 21:49:18.626 -04:00 [INF] HTTP GET /api/Citizen responded 200 in 38.4663 ms
2026-03-17 21:49:30.903 -04:00 [INF] Read 1 citizens from CSV
2026-03-17 21:49:30.907 -04:00 [INF] Saved 0 citizens to CSV
2026-03-17 21:49:30.908 -04:00 [INF] Citizen deleted with CI 12345
2026-03-17 21:49:30.910 -04:00 [INF] HTTP DELETE /api/Citizen/12345 responded 200 in 18.9101 ms
2026-03-17 21:49:33.714 -04:00 [INF] Read 0 citizens from CSV
2026-03-17 21:49:33.718 -04:00 [INF] Returned all citizens
2026-03-17 21:49:33.719 -04:00 [INF] HTTP GET /api/Citizen responded 200 in 7.6990 ms
2026-03-17 21:49:46.043 -04:00 [INF] Application is shutting down...
2026-03-17 21:50:48.887 -04:00 [WRN] The ASP.NET Core developer certificate is not trusted. For information about trusting the ASP.NET Core developer certificate, see https://aka.ms/aspnet/https-trust-dev-cert
2026-03-17 21:50:48.924 -04:00 [INF] Now listening on: https://localhost:9070
2026-03-17 21:50:48.927 -04:00 [INF] Application started. Press Ctrl+C to shut down.
2026-03-17 21:50:48.928 -04:00 [INF] Hosting environment: Development
2026-03-17 21:50:48.928 -04:00 [INF] Content root path: C:\TEMP\2daPracticaCerti\CitizenApi
2026-03-17 21:51:03.484 -04:00 [INF] Read 0 citizens from CSV
2026-03-17 21:51:03.490 -04:00 [WRN] Citizen not found for delete with CI 12345
2026-03-17 21:51:03.495 -04:00 [INF] HTTP DELETE /api/Citizen/12345 responded 404 in 32.4585 ms
2026-03-17 21:51:22.389 -04:00 [INF] Read 0 citizens from CSV
2026-03-17 21:51:22.392 -04:00 [WRN] Citizen not found for update with CI 12345
2026-03-17 21:51:22.393 -04:00 [INF] HTTP PUT /api/Citizen/12345 responded 404 in 27.9254 ms
2026-03-17 21:51:32.693 -04:00 [INF] Read 0 citizens from CSV
2026-03-17 21:51:32.696 -04:00 [WRN] Citizen not found with CI 12345
2026-03-17 21:51:32.698 -04:00 [INF] HTTP GET /api/Citizen/12345 responded 404 in 8.6341 ms
2026-03-17 21:51:48.720 -04:00 [INF] HTTP POST /api/Citizen responded 400 in 46.3445 ms
2026-03-17 21:52:06.613 -04:00 [INF] Application is shutting down...
